Archive member included to satisfy reference by file (symbol)

c:/program files (x86)/atollic/truestudio for arm 8.1.0/armtools/bin/../lib/gcc/arm-atollic-eabi/6.3.1/../../../../arm-atollic-eabi/lib/armv7-m\libc_nano.a(lib_a-init.o)
                              startup\startup_stm32f103xb.o (__libc_init_array)
c:/program files (x86)/atollic/truestudio for arm 8.1.0/armtools/bin/../lib/gcc/arm-atollic-eabi/6.3.1/../../../../arm-atollic-eabi/lib/armv7-m\libc_nano.a(lib_a-memset.o)
                              Drivers\STM32F1xx_HAL_Driver\Src\stm32f1xx_hal_rcc.o (memset)
c:/program files (x86)/atollic/truestudio for arm 8.1.0/armtools/bin/../lib/gcc/arm-atollic-eabi/6.3.1/../../../../arm-atollic-eabi/lib/armv7-m\libc_nano.a(lib_a-sprintf.o)
                              Src\main.o (sprintf)
c:/program files (x86)/atollic/truestudio for arm 8.1.0/armtools/bin/../lib/gcc/arm-atollic-eabi/6.3.1/../../../../arm-atollic-eabi/lib/armv7-m\libc_nano.a(lib_a-impure.o)
                              c:/program files (x86)/atollic/truestudio for arm 8.1.0/armtools/bin/../lib/gcc/arm-atollic-eabi/6.3.1/../../../../arm-atollic-eabi/lib/armv7-m\libc_nano.a(lib_a-sprintf.o) (_impure_ptr)
c:/program files (x86)/atollic/truestudio for arm 8.1.0/armtools/bin/../lib/gcc/arm-atollic-eabi/6.3.1/../../../../arm-atollic-eabi/lib/armv7-m\libc_nano.a(lib_a-nano-svfprintf.o)
                              c:/program files (x86)/atollic/truestudio for arm 8.1.0/armtools/bin/../lib/gcc/arm-atollic-eabi/6.3.1/../../../../arm-atollic-eabi/lib/armv7-m\libc_nano.a(lib_a-sprintf.o) (_svfprintf_r)
c:/program files (x86)/atollic/truestudio for arm 8.1.0/armtools/bin/../lib/gcc/arm-atollic-eabi/6.3.1/../../../../arm-atollic-eabi/lib/armv7-m\libc_nano.a(lib_a-nano-vfprintf_i.o)
                              c:/program files (x86)/atollic/truestudio for arm 8.1.0/armtools/bin/../lib/gcc/arm-atollic-eabi/6.3.1/../../../../arm-atollic-eabi/lib/armv7-m\libc_nano.a(lib_a-nano-svfprintf.o) (_printf_i)
c:/program files (x86)/atollic/truestudio for arm 8.1.0/armtools/bin/../lib/gcc/arm-atollic-eabi/6.3.1/../../../../arm-atollic-eabi/lib/armv7-m\libc_nano.a(lib_a-memchr-stub.o)
                              c:/program files (x86)/atollic/truestudio for arm 8.1.0/armtools/bin/../lib/gcc/arm-atollic-eabi/6.3.1/../../../../arm-atollic-eabi/lib/armv7-m\libc_nano.a(lib_a-nano-svfprintf.o) (memchr)
c:/program files (x86)/atollic/truestudio for arm 8.1.0/armtools/bin/../lib/gcc/arm-atollic-eabi/6.3.1/../../../../arm-atollic-eabi/lib/armv7-m\libc_nano.a(lib_a-memcpy-stub.o)
                              c:/program files (x86)/atollic/truestudio for arm 8.1.0/armtools/bin/../lib/gcc/arm-atollic-eabi/6.3.1/../../../../arm-atollic-eabi/lib/armv7-m\libc_nano.a(lib_a-nano-svfprintf.o) (memcpy)
c:/program files (x86)/atollic/truestudio for arm 8.1.0/armtools/bin/../lib/gcc/arm-atollic-eabi/6.3.1/../../../../arm-atollic-eabi/lib/armv7-m\libc_nano.a(lib_a-memmove.o)
                              c:/program files (x86)/atollic/truestudio for arm 8.1.0/armtools/bin/../lib/gcc/arm-atollic-eabi/6.3.1/../../../../arm-atollic-eabi/lib/armv7-m\libc_nano.a(lib_a-nano-svfprintf.o) (memmove)
c:/program files (x86)/atollic/truestudio for arm 8.1.0/armtools/bin/../lib/gcc/arm-atollic-eabi/6.3.1/../../../../arm-atollic-eabi/lib/armv7-m\libc_nano.a(lib_a-nano-freer.o)
                              c:/program files (x86)/atollic/truestudio for arm 8.1.0/armtools/bin/../lib/gcc/arm-atollic-eabi/6.3.1/../../../../arm-atollic-eabi/lib/armv7-m\libc_nano.a(lib_a-nano-svfprintf.o) (_free_r)
c:/program files (x86)/atollic/truestudio for arm 8.1.0/armtools/bin/../lib/gcc/arm-atollic-eabi/6.3.1/../../../../arm-atollic-eabi/lib/armv7-m\libc_nano.a(lib_a-nano-mallocr.o)
                              c:/program files (x86)/atollic/truestudio for arm 8.1.0/armtools/bin/../lib/gcc/arm-atollic-eabi/6.3.1/../../../../arm-atollic-eabi/lib/armv7-m\libc_nano.a(lib_a-nano-svfprintf.o) (_malloc_r)
c:/program files (x86)/atollic/truestudio for arm 8.1.0/armtools/bin/../lib/gcc/arm-atollic-eabi/6.3.1/../../../../arm-atollic-eabi/lib/armv7-m\libc_nano.a(lib_a-nano-reallocr.o)
                              c:/program files (x86)/atollic/truestudio for arm 8.1.0/armtools/bin/../lib/gcc/arm-atollic-eabi/6.3.1/../../../../arm-atollic-eabi/lib/armv7-m\libc_nano.a(lib_a-nano-svfprintf.o) (_realloc_r)
c:/program files (x86)/atollic/truestudio for arm 8.1.0/armtools/bin/../lib/gcc/arm-atollic-eabi/6.3.1/../../../../arm-atollic-eabi/lib/armv7-m\libc_nano.a(lib_a-sbrkr.o)
                              c:/program files (x86)/atollic/truestudio for arm 8.1.0/armtools/bin/../lib/gcc/arm-atollic-eabi/6.3.1/../../../../arm-atollic-eabi/lib/armv7-m\libc_nano.a(lib_a-nano-mallocr.o) (_sbrk_r)
c:/program files (x86)/atollic/truestudio for arm 8.1.0/armtools/bin/../lib/gcc/arm-atollic-eabi/6.3.1/../../../../arm-atollic-eabi/lib/armv7-m\libc_nano.a(lib_a-mlock.o)
[...]
Memory Configuration

Name             Origin             Length             Attributes
RAM              0x20000000         0x00005000         xrw
FLASH            0x08000000         0x00010000         xr
*default*        0x00000000         0xffffffff

Linker script and memory map

LOAD c:/program files (x86)/atollic/truestudio for arm 8.1.0/armtools/bin/../lib/gcc/arm-atollic-eabi/6.3.1/armv7-m/crti.o
LOAD c:/program files (x86)/atollic/truestudio for arm 8.1.0/armtools/bin/../lib/gcc/arm-atollic-eabi/6.3.1/armv7-m/crtbegin.o
LOAD Drivers\STM32F1xx_HAL_Driver\Src\stm32f1xx_hal.o
LOAD Drivers\STM32F1xx_HAL_Driver\Src\stm32f1xx_hal_adc.o
LOAD Drivers\STM32F1xx_HAL_Driver\Src\stm32f1xx_hal_adc_ex.o
LOAD Drivers\STM32F1xx_HAL_Driver\Src\stm32f1xx_hal_cortex.o
LOAD Drivers\STM32F1xx_HAL_Driver\Src\stm32f1xx_hal_dma.o
LOAD Drivers\STM32F1xx_HAL_Driver\Src\stm32f1xx_hal_flash.o
LOAD Drivers\STM32F1xx_HAL_Driver\Src\stm32f1xx_hal_flash_ex.o
LOAD Drivers\STM32F1xx_HAL_Driver\Src\stm32f1xx_hal_gpio.o
LOAD Drivers\STM32F1xx_HAL_Driver\Src\stm32f1xx_hal_gpio_ex.o
LOAD Drivers\STM32F1xx_HAL_Driver\Src\stm32f1xx_hal_pwr.o
LOAD Drivers\STM32F1xx_HAL_Driver\Src\stm32f1xx_hal_rcc.o
LOAD Drivers\STM32F1xx_HAL_Driver\Src\stm32f1xx_hal_rcc_ex.o
LOAD Drivers\STM32F1xx_HAL_Driver\Src\stm32f1xx_hal_spi.o
LOAD Drivers\STM32F1xx_HAL_Driver\Src\stm32f1xx_hal_spi_ex.o
LOAD Drivers\STM32F1xx_HAL_Driver\Src\stm32f1xx_hal_tim.o
LOAD Drivers\STM32F1xx_HAL_Driver\Src\stm32f1xx_hal_tim_ex.o
LOAD Src\ChrFont0.o
LOAD Src\FillPat.o
LOAD Src\Fonts.o
LOAD Src\OledChar.o
LOAD Src\OledDriver.o
LOAD Src\OledGrph.o
LOAD Src\adtable.o
LOAD Src\main.o
LOAD Src\stm32f1xx_hal_msp.o
LOAD Src\stm32f1xx_it.o
LOAD Src\system_stm32f1xx.o
LOAD startup\startup_stm32f103xb.o
                0x00000080                malloc_getpagesize_P = 0x80
START GROUP
LOAD c:/program files (x86)/atollic/truestudio for arm 8.1.0/armtools/bin/../lib/gcc/arm-atollic-eabi/6.3.1/../../../../arm-atollic-eabi/lib/armv7-m\libc_nano.a
LOAD c:/program files (x86)/atollic/truestudio for arm 8.1.0/armtools/bin/../lib/gcc/arm-atollic-eabi/6.3.1/../../../../arm-atollic-eabi/lib/armv7-m\libm.a
END GROUP
START GROUP
LOAD c:/program files (x86)/atollic/truestudio for arm 8.1.0/armtools/bin/../lib/gcc/arm-atollic-eabi/6.3.1/armv7-m\libgcc.a
LOAD c:/program files (x86)/atollic/truestudio for arm 8.1.0/armtools/bin/../lib/gcc/arm-atollic-eabi/6.3.1/../../../../arm-atollic-eabi/lib/armv7-m\libc_nano.a
END GROUP
START GROUP
LOAD c:/program files (x86)/atollic/truestudio for arm 8.1.0/armtools/bin/../lib/gcc/arm-atollic-eabi/6.3.1/armv7-m\libgcc.a
LOAD c:/program files (x86)/atollic/truestudio for arm 8.1.0/armtools/bin/../lib/gcc/arm-atollic-eabi/6.3.1/../../../../arm-atollic-eabi/lib/armv7-m\libc_nano.a
LOAD c:/program files (x86)/atollic/truestudio for arm 8.1.0/armtools/bin/../lib/gcc/arm-atollic-eabi/6.3.1/../../../../arm-atollic-eabi/lib/armv7-m\libnosys.a
END GROUP
START GROUP
LOAD c:/program files (x86)/atollic/truestudio for arm 8.1.0/armtools/bin/../lib/gcc/arm-atollic-eabi/6.3.1/armv7-m\libgcc.a
LOAD c:/program files (x86)/atollic/truestudio for arm 8.1.0/armtools/bin/../lib/gcc/arm-atollic-eabi/6.3.1/../../../../arm-atollic-eabi/lib/armv7-m\libc_nano.a
LOAD c:/program files (x86)/atollic/truestudio for arm 8.1.0/armtools/bin/../lib/gcc/arm-atollic-eabi/6.3.1/../../../../arm-atollic-eabi/lib/armv7-m\libnosys.a
END GROUP
LOAD c:/program files (x86)/atollic/truestudio for arm 8.1.0/armtools/bin/../lib/gcc/arm-atollic-eabi/6.3.1/armv7-m/crtend.o
LOAD c:/program files (x86)/atollic/truestudio for arm 8.1.0/armtools/bin/../lib/gcc/arm-atollic-eabi/6.3.1/armv7-m/crtn.o
                0x20005000                _estack = 0x20005000
                0x00000200                _Min_Heap_Size = 0x200
                0x00000400                _Min_Stack_Size = 0x400

.isr_vector     0x08000000      0x10c
                0x08000000                . = ALIGN (0x4)
 *(.isr_vector)
 .isr_vector    0x08000000      0x10c startup\startup_stm32f103xb.o
                0x08000000                g_pfnVectors
                0x0800010c                . = ALIGN (0x4)

.text           0x08000110     0x2868
                0x08000110                . = ALIGN (0x4)
 *(.text)
 .text          0x08000110       0x40 c:/program files (x86)/atollic/truestudio for arm 8.1.0/armtools/bin/../lib/gcc/arm-atollic-eabi/6.3.1/armv7-m/crtbegin.o
 .text          0x08000150      0x370 c:/program files (x86)/atollic/truestudio for arm 8.1.0/armtools/bin/../lib/gcc/arm-atollic-eabi/6.3.1/armv7-m\libgcc.a(_arm_addsubdf3.o)
                0x08000150                __aeabi_drsub
                0x08000158                __aeabi_dsub
                0x08000158                __subdf3
                0x0800015c                __aeabi_dadd
                0x0800015c                __adddf3
                0x080003d4                __floatunsidf
                0x080003d4                __aeabi_ui2d
                0x080003f4                __floatsidf
                0x080003f4                __aeabi_i2d
                0x08000418                __aeabi_f2d
                0x08000418                __extendsfdf2
                0x08000454                __floatundidf
                0x08000454                __aeabi_ul2d
                0x08000464                __floatdidf
                0x08000464                __aeabi_l2d
 .text          0x080004c0      0x424 c:/program files (x86)/atollic/truestudio for arm 8.1.0/armtools/bin/../lib/gcc/arm-atollic-eabi/6.3.1/armv7-m\libgcc.a(_arm_muldivdf3.o)
                0x080004c0                __aeabi_dmul
                0x080004c0                __muldf3
                0x08000714                __divdf3
                0x08000714                __aeabi_ddiv
 .text          0x080008e4       0xa0 c:/program files (x86)/atollic/truestudio for arm 8.1.0/armtools/bin/../lib/gcc/arm-atollic-eabi/6.3.1/armv7-m\libgcc.a(_arm_truncdfsf2.o)
                0x080008e4                __truncdfsf2
                0x080008e4                __aeabi_d2f
 .text          0x08000984      0x21c c:/program files (x86)/atollic/truestudio for arm 8.1.0/armtools/bin/../lib/gcc/arm-atollic-eabi/6.3.1/armv7-m\libgcc.a(_arm_addsubsf3.o)
                0x08000984                __aeabi_frsub
                0x0800098c                __subsf3
                0x0800098c                __aeabi_fsub
                0x08000990                __aeabi_fadd
                0x08000990                __addsf3
                0x08000af0                __aeabi_ui2f
                0x08000af0                __floatunsisf
                0x08000af8                __aeabi_i2f
                0x08000af8                __floatsisf
                0x08000b14                __aeabi_ul2f
                0x08000b14                __floatundisf
                0x08000b24                __aeabi_l2f
                0x08000b24                __floatdisf
 *(.text*)
 .text.HAL_InitTick
                0x08000ba0       0x28 Drivers\STM32F1xx_HAL_Driver\Src\stm32f1xx_hal.o
                0x08000ba0                HAL_InitTick
 .text.HAL_Init
                0x08000bc8       0x24 Drivers\STM32F1xx_HAL_Driver\Src\stm32f1xx_hal.o
                0x08000bc8                HAL_Init
 .text.HAL_IncTick
                0x08000bec       0x10 Drivers\STM32F1xx_HAL_Driver\Src\stm32f1xx_hal.o
                0x08000bec                HAL_IncTick
 .text.HAL_GetTick
                0x08000bfc        0xc Drivers\STM32F1xx_HAL_Driver\Src\stm32f1xx_hal.o
                0x08000bfc                HAL_GetTick
 .text.HAL_Delay
                0x08000c08       0x20 Drivers\STM32F1xx_HAL_Driver\Src\stm32f1xx_hal.o
                0x08000c08                HAL_Delay
 .text.HAL_ADC_GetValue
                0x08000c28        0x6 Drivers\STM32F1xx_HAL_Driver\Src\stm32f1xx_hal_adc.o
                0x08000c28                HAL_ADC_GetValue
 *fill*         0x08000c2e        0x2 
 .text.HAL_ADC_ConfigChannel
                0x08000c30      0x108 Drivers\STM32F1xx_HAL_Driver\Src\stm32f1xx_hal_adc.o
                0x08000c30                HAL_ADC_ConfigChannel
 .text.ADC_Enable
                0x08000d38       0x70 Drivers\STM32F1xx_HAL_Driver\Src\stm32f1xx_hal_adc.o
                0x08000d38                ADC_Enable
 .text.HAL_ADC_Start
                0x08000da8       0xc4 Drivers\STM32F1xx_HAL_Driver\Src\stm32f1xx_hal_adc.o
                0x08000da8                HAL_ADC_Start
 .text.ADC_ConversionStop_Disable
                0x08000e6c       0x44 Drivers\STM32F1xx_HAL_Driver\Src\stm32f1xx_hal_adc.o
                0x08000e6c                ADC_ConversionStop_Disable
 .text.HAL_ADC_Init
                0x08000eb0      0x100 Drivers\STM32F1xx_HAL_Driver\Src\stm32f1xx_hal_adc.o
                0x08000eb0                HAL_ADC_Init
 .text.HAL_NVIC_SetPriorityGrouping
                0x08000fb0       0x24 Drivers\STM32F1xx_HAL_Driver\Src\stm32f1xx_hal_cortex.o
                0x08000fb0                HAL_NVIC_SetPriorityGrouping
 .text.HAL_NVIC_SetPriority
                0x08000fd4       0x68 Drivers\STM32F1xx_HAL_Driver\Src\stm32f1xx_hal_cortex.o
                0x08000fd4                HAL_NVIC_SetPriority
 .text.HAL_SYSTICK_Config
                0x0800103c       0x2c Drivers\STM32F1xx_HAL_Driver\Src\stm32f1xx_hal_cortex.o
                0x0800103c                HAL_SYSTICK_Config
 .text.HAL_SYSTICK_CLKSourceConfig
                0x08001068       0x18 Drivers\STM32F1xx_HAL_Driver\Src\stm32f1xx_hal_cortex.o
                0x08001068                HAL_SYSTICK_CLKSourceConfig
 .text.HAL_SYSTICK_Callback
                0x08001080        0x2 Drivers\STM32F1xx_HAL_Driver\Src\stm32f1xx_hal_cortex.o
                0x08001080                HAL_SYSTICK_Callback
 .text.HAL_SYSTICK_IRQHandler
                0x08001082        0x8 Drivers\STM32F1xx_HAL_Driver\Src\stm32f1xx_hal_cortex.o
                0x08001082                HAL_SYSTICK_IRQHandler
 *fill*         0x0800108a        0x2 
 .text.HAL_GPIO_Init
                0x0800108c      0x1c0 Drivers\STM32F1xx_HAL_Driver\Src\stm32f1xx_hal_gpio.o
                0x0800108c                HAL_GPIO_Init
 .text.HAL_GPIO_WritePin
                0x0800124c        0xa Drivers\STM32F1xx_HAL_Driver\Src\stm32f1xx_hal_gpio.o
                0x0800124c                HAL_GPIO_WritePin
 *fill*         0x08001256        0x2 
 .text.HAL_RCC_OscConfig
                0x08001258      0x318 Drivers\STM32F1xx_HAL_Driver\Src\stm32f1xx_hal_rcc.o
                0x08001258                HAL_RCC_OscConfig
 .text.HAL_RCC_GetSysClockFreq
                0x08001570       0x7c Drivers\STM32F1xx_HAL_Driver\Src\stm32f1xx_hal_rcc.o
                0x08001570                HAL_RCC_GetSysClockFreq
 .text.HAL_RCC_ClockConfig
                0x080015ec      0x148 Drivers\STM32F1xx_HAL_Driver\Src\stm32f1xx_hal_rcc.o
                0x080015ec                HAL_RCC_ClockConfig
 .text.HAL_RCC_GetHCLKFreq
                0x08001734        0xc Drivers\STM32F1xx_HAL_Driver\Src\stm32f1xx_hal_rcc.o
                0x08001734                HAL_RCC_GetHCLKFreq
 .text.HAL_RCCEx_PeriphCLKConfig
                0x08001740       0xf0 Drivers\STM32F1xx_HAL_Driver\Src\stm32f1xx_hal_rcc_ex.o
                0x08001740                HAL_RCCEx_PeriphCLKConfig
 .text.SPI_WaitFlagStateUntilTimeout
                0x08001830       0x8e Drivers\STM32F1xx_HAL_Driver\Src\stm32f1xx_hal_spi.o
 .text.SPI_CheckFlag_BSY
                0x080018be       0x20 Drivers\STM32F1xx_HAL_Driver\Src\stm32f1xx_hal_spi.o
 .text.HAL_SPI_Transmit
                0x080018de      0x152 Drivers\STM32F1xx_HAL_Driver\Src\stm32f1xx_hal_spi.o
                0x080018de                HAL_SPI_Transmit
 .text.HAL_SPI_Init
                0x08001a30       0x76 Drivers\STM32F1xx_HAL_Driver\Src\stm32f1xx_hal_spi_ex.o
                0x08001a30                HAL_SPI_Init
 *fill*         0x08001aa6        0x2 
 .text.OledSetCursor
                0x08001aa8       0x48 Src\OledChar.o
                0x08001aa8                OledSetCursor
 .text.OledDrawGlyph
                0x08001af0       0x50 Src\OledChar.o
                0x08001af0                OledDrawGlyph
 .text.OledAdvanceCursor
                0x08001b40       0x44 Src\OledChar.o
                0x08001b40                OledAdvanceCursor
 .text.OledPutString
                0x08001b84       0x28 Src\OledChar.o
                0x08001b84                OledPutString
 .text.OledPutBuffer
                0x08001bac       0x28 Src\OledDriver.o
                0x08001bac                OledPutBuffer
 .text.Spi2PutByte
                0x08001bd4       0x20 Src\OledDriver.o
                0x08001bd4                Spi2PutByte
 .text.digitalWrite
                0x08001bf4       0x10 Src\OledDriver.o
                0x08001bf4                digitalWrite
 .text.OledUpdate
                0x08001c04       0x44 Src\OledDriver.o
                0x08001c04                OledUpdate
 .text.OledClampXco
                0x08001c48        0x6 Src\OledGrph.o
                0x08001c48                OledClampXco
 .text.OledClampYco
                0x08001c4e        0x6 Src\OledGrph.o
                0x08001c4e                OledClampYco
 .text.OledMoveTo
                0x08001c54       0x48 Src\OledGrph.o
                0x08001c54                OledMoveTo
 .text.SystemClock_Config
                0x08001c9c       0x6c Src\main.o
                0x08001c9c                SystemClock_Config
 .text.startup.main
                0x08001d08      0x1d0 Src\main.o
                0x08001d08                main
 .text.HAL_MspInit
                0x08001ed8       0x90 Src\stm32f1xx_hal_msp.o
                0x08001ed8                HAL_MspInit
 .text.HAL_ADC_MspInit
                0x08001f68       0x40 Src\stm32f1xx_hal_msp.o
                0x08001f68                HAL_ADC_MspInit
 .text.HAL_SPI_MspInit
                0x08001fa8       0x44 Src\stm32f1xx_hal_msp.o
                0x08001fa8                HAL_SPI_MspInit
 .text.NMI_Handler
                0x08001fec        0x2 Src\stm32f1xx_it.o
                0x08001fec                NMI_Handler
 .text.HardFault_Handler
                0x08001fee        0x2 Src\stm32f1xx_it.o
                0x08001fee                HardFault_Handler
 .text.MemManage_Handler
                0x08001ff0        0x2 Src\stm32f1xx_it.o
                0x08001ff0                MemManage_Handler
 .text.BusFault_Handler
                0x08001ff2        0x2 Src\stm32f1xx_it.o
                0x08001ff2                BusFault_Handler
 .text.UsageFault_Handler
                0x08001ff4        0x2 Src\stm32f1xx_it.o
                0x08001ff4                UsageFault_Handler
 .text.SVC_Handler
                0x08001ff6        0x2 Src\stm32f1xx_it.o
                0x08001ff6                SVC_Handler
 .text.DebugMon_Handler
                0x08001ff8        0x2 Src\stm32f1xx_it.o
                0x08001ff8                DebugMon_Handler
 .text.PendSV_Handler
                0x08001ffa        0x2 Src\stm32f1xx_it.o
                0x08001ffa                PendSV_Handler
 .text.SysTick_Handler
                0x08001ffc        0xe Src\stm32f1xx_it.o
                0x08001ffc                SysTick_Handler
 *fill*         0x0800200a        0x2 
 .text.SystemInit
                0x0800200c       0x4c Src\system_stm32f1xx.o
                0x0800200c                SystemInit
 .text.Reset_Handler
                0x08002058       0x48 startup\startup_stm32f103xb.o
                0x08002058                Reset_Handler
 .text.Default_Handler
                0x080020a0        0x2 startup\startup_stm32f103xb.o
                0x080020a0                RTC_Alarm_IRQHandler
                0x080020a0                EXTI2_IRQHandler
                0x080020a0                TIM1_CC_IRQHandler
                0x080020a0                PVD_IRQHandler
                0x080020a0                EXTI3_IRQHandler
                0x080020a0                EXTI0_IRQHandler
                0x080020a0                I2C2_EV_IRQHandler
                0x080020a0                ADC1_2_IRQHandler
                0x080020a0                SPI1_IRQHandler
                0x080020a0                TAMPER_IRQHandler
                0x080020a0                DMA1_Channel4_IRQHandler
                0x080020a0                USART3_IRQHandler
                0x080020a0                RTC_IRQHandler
                0x080020a0                DMA1_Channel7_IRQHandler
                0x080020a0                CAN1_RX1_IRQHandler
                0x080020a0                TIM4_IRQHandler
                0x080020a0                I2C1_EV_IRQHandler
                0x080020a0                DMA1_Channel6_IRQHandler
                0x080020a0                TIM3_IRQHandler
                0x080020a0                RCC_IRQHandler
                0x080020a0                TIM1_TRG_COM_IRQHandler
                0x080020a0                DMA1_Channel1_IRQHandler
                0x080020a0                Default_Handler
                0x080020a0                EXTI15_10_IRQHandler
                0x080020a0                EXTI9_5_IRQHandler
                0x080020a0                SPI2_IRQHandler
                0x080020a0                DMA1_Channel5_IRQHandler
                0x080020a0                EXTI4_IRQHandler
                0x080020a0                USB_LP_CAN1_RX0_IRQHandler
                0x080020a0                USB_HP_CAN1_TX_IRQHandler
                0x080020a0                DMA1_Channel3_IRQHandler
                0x080020a0                TIM1_UP_IRQHandler
                0x080020a0                WWDG_IRQHandler
                0x080020a0                TIM2_IRQHandler
                0x080020a0                TIM1_BRK_IRQHandler
                0x080020a0                EXTI1_IRQHandler
                0x080020a0                USART2_IRQHandler
                0x080020a0                I2C2_ER_IRQHandler
                0x080020a0                DMA1_Channel2_IRQHandler
                0x080020a0                CAN1_SCE_IRQHandler
                0x080020a0                FLASH_IRQHandler
                0x080020a0                USART1_IRQHandler
                0x080020a0                I2C1_ER_IRQHandler
                0x080020a0                USBWakeUp_IRQHandler
 *fill*         0x080020a2        0x2 
 .text.__libc_init_array
                0x080020a4       0x48 c:/program files (x86)/atollic/truestudio for arm 8.1.0/armtools/bin/../lib/gcc/arm-atollic-eabi/6.3.1/../../../../arm-atollic-eabi/lib/armv7-m\libc_nano.a(lib_a-init.o)
                0x080020a4                __libc_init_array
 .text.sprintf  0x080020ec       0x48 c:/program files (x86)/atollic/truestudio for arm 8.1.0/armtools/bin/../lib/gcc/arm-atollic-eabi/6.3.1/../../../../arm-atollic-eabi/lib/armv7-m\libc_nano.a(lib_a-sprintf.o)
                0x080020ec                siprintf
                0x080020ec                sprintf
 .text.__ssputs_r
                0x08002134       0xb6 c:/program files (x86)/atollic/truestudio for arm 8.1.0/armtools/bin/../lib/gcc/arm-atollic-eabi/6.3.1/../../../../arm-atollic-eabi/lib/armv7-m\libc_nano.a(lib_a-nano-svfprintf.o)
                0x08002134                __ssputs_r
 *fill*         0x080021ea        0x2 
 .text._svfprintf_r
                0x080021ec      0x1e8 c:/program files (x86)/atollic/truestudio for arm 8.1.0/armtools/bin/../lib/gcc/arm-atollic-eabi/6.3.1/../../../../arm-atollic-eabi/lib/armv7-m\libc_nano.a(lib_a-nano-svfprintf.o)
                0x080021ec                _svfiprintf_r
                0x080021ec                _svfprintf_r
 .text._printf_common
                0x080023d4       0xee c:/program files (x86)/atollic/truestudio for arm 8.1.0/armtools/bin/../lib/gcc/arm-atollic-eabi/6.3.1/../../../../arm-atollic-eabi/lib/armv7-m\libc_nano.a(lib_a-nano-vfprintf_i.o)
                0x080023d4                _printf_common
 *fill*         0x080024c2        0x2 
 .text._printf_i
                0x080024c4      0x240 c:/program files (x86)/atollic/truestudio for arm 8.1.0/armtools/bin/../lib/gcc/arm-atollic-eabi/6.3.1/../../../../arm-atollic-eabi/lib/armv7-m\libc_nano.a(lib_a-nano-vfprintf_i.o)
                0x080024c4                _printf_i
 .text.memchr   0x08002704       0x1c c:/program files (x86)/atollic/truestudio for arm 8.1.0/armtools/bin/../lib/gcc/arm-atollic-eabi/6.3.1/../../../../arm-atollic-eabi/lib/armv7-m\libc_nano.a(lib_a-memchr-stub.o)
                0x08002704                memchr
 .text.memcpy   0x08002720       0x16 c:/program files (x86)/atollic/truestudio for arm 8.1.0/armtools/bin/../lib/gcc/arm-atollic-eabi/6.3.1/../../../../arm-atollic-eabi/lib/armv7-m\libc_nano.a(lib_a-memcpy-stub.o)
                0x08002720                memcpy
 .text.memmove  0x08002736       0x34 c:/program files (x86)/atollic/truestudio for arm 8.1.0/armtools/bin/../lib/gcc/arm-atollic-eabi/6.3.1/../../../../arm-atollic-eabi/lib/armv7-m\libc_nano.a(lib_a-memmove.o)
                0x08002736                memmove
 *fill*         0x0800276a        0x2 
 .text._free_r  0x0800276c       0x98 c:/program files (x86)/atollic/truestudio for arm 8.1.0/armtools/bin/../lib/gcc/arm-atollic-eabi/6.3.1/../../../../arm-atollic-eabi/lib/armv7-m\libc_nano.a(lib_a-nano-freer.o)
                0x0800276c                _free_r
 .text._malloc_r
                0x08002804       0xbc c:/program files (x86)/atollic/truestudio for arm 8.1.0/armtools/bin/../lib/gcc/arm-atollic-eabi/6.3.1/../../../../arm-atollic-eabi/lib/armv7-m\libc_nano.a(lib_a-nano-mallocr.o)
                0x08002804                _malloc_r
 .text._realloc_r
                0x080028c0       0x4c c:/program files (x86)/atollic/truestudio for arm 8.1.0/armtools/bin/../lib/gcc/arm-atollic-eabi/6.3.1/../../../../arm-atollic-eabi/lib/armv7-m\libc_nano.a(lib_a-nano-reallocr.o)
                0x080028c0                _realloc_r
 .text._sbrk_r  0x0800290c       0x20 c:/program files (x86)/atollic/truestudio for arm 8.1.0/armtools/bin/../lib/gcc/arm-atollic-eabi/6.3.1/../../../../arm-atollic-eabi/lib/armv7-m\libc_nano.a(lib_a-sbrkr.o)
                0x0800290c                _sbrk_r
 .text.__malloc_lock
                0x0800292c        0x2 c:/program files (x86)/atollic/truestudio for arm 8.1.0/armtools/bin/../lib/gcc/arm-atollic-eabi/6.3.1/../../../../arm-atollic-eabi/lib/armv7-m\libc_nano.a(lib_a-mlock.o)
                0x0800292c                __malloc_lock
 .text.__malloc_unlock
                0x0800292e        0x2 c:/program files (x86)/atollic/truestudio for arm 8.1.0/armtools/bin/../lib/gcc/arm-atollic-eabi/6.3.1/../../../../arm-atollic-eabi/lib/armv7-m\libc_nano.a(lib_a-mlock.o)
                0x0800292e                __malloc_unlock
 .text._malloc_usable_size_r
                0x08002930       0x12 c:/program files (x86)/atollic/truestudio for arm 8.1.0/armtools/bin/../lib/gcc/arm-atollic-eabi/6.3.1/../../../../arm-atollic-eabi/lib/armv7-m\libc_nano.a(lib_a-nano-msizer.o)
                0x08002930                _malloc_usable_size_r
 *fill*         0x08002942        0x2 
 .text._sbrk    0x08002944       0x1c c:/program files (x86)/atollic/truestudio for arm 8.1.0/armtools/bin/../lib/gcc/arm-atollic-eabi/6.3.1/../../../../arm-atollic-eabi/lib/armv7-m\libnosys.a(sbrk.o)
                0x08002944                _sbrk
 *(.glue_7)
 .glue_7        0x08002960        0x0 linker stubs
 *(.glue_7t)
 .glue_7t       0x08002960        0x0 linker stubs
 *(.eh_frame)
 .eh_frame      0x08002960        0x0 c:/program files (x86)/atollic/truestudio for arm 8.1.0/armtools/bin/../lib/gcc/arm-atollic-eabi/6.3.1/armv7-m/crtbegin.o
 *(.init)
 .init          0x08002960        0x4 c:/program files (x86)/atollic/truestudio for arm 8.1.0/armtools/bin/../lib/gcc/arm-atollic-eabi/6.3.1/armv7-m/crti.o
                0x08002960                _init
 .init          0x08002964        0x8 c:/program files (x86)/atollic/truestudio for arm 8.1.0/armtools/bin/../lib/gcc/arm-atollic-eabi/6.3.1/armv7-m/crtn.o
 *(.fini)
 .fini          0x0800296c        0x4 c:/program files (x86)/atollic/truestudio for arm 8.1.0/armtools/bin/../lib/gcc/arm-atollic-eabi/6.3.1/armv7-m/crti.o
                0x0800296c                _fini
 .fini          0x08002970        0x8 c:/program files (x86)/atollic/truestudio for arm 8.1.0/armtools/bin/../lib/gcc/arm-atollic-eabi/6.3.1/armv7-m/crtn.o
                0x08002978                . = ALIGN (0x4)
                0x08002978                _etext = .

.vfp11_veneer   0x08002978        0x0
 .vfp11_veneer  0x08002978        0x0 linker stubs

.v4_bx          0x08002978        0x0
 .v4_bx         0x08002978        0x0 linker stubs

.iplt           0x08002978        0x0
 .iplt          0x08002978        0x0 c:/program files (x86)/atollic/truestudio for arm 8.1.0/armtools/bin/../lib/gcc/arm-atollic-eabi/6.3.1/armv7-m/crtbegin.o

.rodata         0x08002978       0x68
                0x08002978                . = ALIGN (0x4)
 *(.rodata)
 .rodata        0x08002978       0x10 Drivers\STM32F1xx_HAL_Driver\Src\stm32f1xx_hal_rcc.o
 *(.rodata*)
 .rodata.main.str1.1
                0x08002988       0x13 Src\main.o
 .rodata.AHBPrescTable
                0x0800299b       0x10 Src\system_stm32f1xx.o
                0x0800299b                AHBPrescTable
 .rodata._svfprintf_r.str1.1
                0x080029ab       0x11 c:/program files (x86)/atollic/truestudio for arm 8.1.0/armtools/bin/../lib/gcc/arm-atollic-eabi/6.3.1/../../../../arm-atollic-eabi/lib/armv7-m\libc_nano.a(lib_a-nano-svfprintf.o)
 .rodata._printf_i.str1.1
                0x080029bc       0x22 c:/program files (x86)/atollic/truestudio for arm 8.1.0/armtools/bin/../lib/gcc/arm-atollic-eabi/6.3.1/../../../../arm-atollic-eabi/lib/armv7-m\libc_nano.a(lib_a-nano-vfprintf_i.o)
                0x080029e0                . = ALIGN (0x4)
 *fill*         0x080029de        0x2 

.rel.dyn        0x080029e0        0x0
 .rel.iplt      0x080029e0        0x0 c:/program files (x86)/atollic/truestudio for arm 8.1.0/armtools/bin/../lib/gcc/arm-atollic-eabi/6.3.1/armv7-m/crtbegin.o

.ARM.extab
 *(.ARM.extab* .gnu.linkonce.armextab.*)

.ARM            0x080029e0        0x0
                0x080029e0                __exidx_start = .
 *(.ARM.exidx*)
                0x080029e0                __exidx_end = .

.preinit_array  0x080029e0        0x0
                0x080029e0                PROVIDE (__preinit_array_start, .)
 *(.preinit_array*)
                0x080029e0                PROVIDE (__preinit_array_end, .)

.init_array     0x080029e0        0x4
                0x080029e0                PROVIDE (__init_array_start, .)
 *(SORT(.init_array.*))
 *(.init_array*)
 .init_array    0x080029e0        0x4 c:/program files (x86)/atollic/truestudio for arm 8.1.0/armtools/bin/../lib/gcc/arm-atollic-eabi/6.3.1/armv7-m/crtbegin.o
                0x080029e4                PROVIDE (__init_array_end, .)

.fini_array     0x080029e4        0x4
                [!provide]                PROVIDE (__fini_array_start, .)
 *(SORT(.fini_array.*))
 *(.fini_array*)
 .fini_array    0x080029e4        0x4 c:/program files (x86)/atollic/truestudio for arm 8.1.0/armtools/bin/../lib/gcc/arm-atollic-eabi/6.3.1/armv7-m/crtbegin.o
                [!provide]                PROVIDE (__fini_array_end, .)
                0x080029e8                _sidata = LOADADDR (.data)

.data           0x20000000       0x6c load address 0x080029e8
                0x20000000                . = ALIGN (0x4)
                0x20000000                _sdata = .
 *(.data)
 *(.data*)
 .data.R_fixa   0x20000000        0x4 Src\main.o
                0x20000000                R_fixa
 .data.SystemCoreClock
                0x20000004        0x4 Src\system_stm32f1xx.o
                0x20000004                SystemCoreClock
 .data._impure_ptr
                0x20000008        0x4 c:/program files (x86)/atollic/truestudio for arm 8.1.0/armtools/bin/../lib/gcc/arm-atollic-eabi/6.3.1/../../../../arm-atollic-eabi/lib/armv7-m\libc_nano.a(lib_a-impure.o)
                0x20000008                _impure_ptr
 .data.impure_data
                0x2000000c       0x60 c:/program files (x86)/atollic/truestudio for arm 8.1.0/armtools/bin/../lib/gcc/arm-atollic-eabi/6.3.1/../../../../arm-atollic-eabi/lib/armv7-m\libc_nano.a(lib_a-impure.o)
                0x2000006c                . = ALIGN (0x4)
                0x2000006c                _edata = .

.igot.plt       0x2000006c        0x0 load address 0x08002a54
 .igot.plt      0x2000006c        0x0 c:/program files (x86)/atollic/truestudio for arm 8.1.0/armtools/bin/../lib/gcc/arm-atollic-eabi/6.3.1/armv7-m/crtbegin.o
                0x2000006c                . = ALIGN (0x4)

.bss            0x2000006c      0x404 load address 0x08002a54
                0x2000006c                _sbss = .
                0x2000006c                __bss_start__ = _sbss
 *(.bss)
 .bss           0x2000006c       0x1c c:/program files (x86)/atollic/truestudio for arm 8.1.0/armtools/bin/../lib/gcc/arm-atollic-eabi/6.3.1/armv7-m/crtbegin.o
 *(.bss*)
 .bss.Vx        0x20000088        0x4 Src\main.o
                0x20000088                Vx
 .bss.leitura   0x2000008c        0x4 Src\main.o
                0x2000008c                leitura
 .bss.resultado
                0x20000090        0x4 Src\main.o
                0x20000090                resultado
 .bss.__malloc_free_list
                0x20000094        0x4 c:/program files (x86)/atollic/truestudio for arm 8.1.0/armtools/bin/../lib/gcc/arm-atollic-eabi/6.3.1/../../../../arm-atollic-eabi/lib/armv7-m\libc_nano.a(lib_a-nano-mallocr.o)
                0x20000094                __malloc_free_list
 .bss.__malloc_sbrk_start
                0x20000098        0x4 c:/program files (x86)/atollic/truestudio for arm 8.1.0/armtools/bin/../lib/gcc/arm-atollic-eabi/6.3.1/../../../../arm-atollic-eabi/lib/armv7-m\libc_nano.a(lib_a-nano-mallocr.o)
                0x20000098                __malloc_sbrk_start
 .bss.heap_end.4116
                0x2000009c        0x4 c:/program files (x86)/atollic/truestudio for arm 8.1.0/armtools/bin/../lib/gcc/arm-atollic-eabi/6.3.1/../../../../arm-atollic-eabi/lib/armv7-m\libnosys.a(sbrk.o)
 *(COMMON)
 COMMON         0x200000a0        0x4 Drivers\STM32F1xx_HAL_Driver\Src\stm32f1xx_hal.o
                0x200000a0                uwTick
 COMMON         0x200000a4      0x114 Src\OledChar.o
                0x200000a4                xchOledMax
                0x200000a8                xchOledCur
                0x200000ac                ychOledCur
                0x200000b0                rgbOledFontUser
                0x200001b0                pbOledFontExt
                0x200001b4                ychOledMax
 COMMON         0x200001b8      0x22c Src\OledDriver.o
                0x200001b8                ycoOledCur
                0x200001bc                rgbOledBmp
                0x200003bc                xcoOledCur
                0x200003c0                pbOledCur
                0x200003c4                pbOledPatCur
                0x200003c8                pbOledFontCur
                0x200003cc                dycoOledFontCur
                0x200003d0                dxcoOledFontCur
                0x200003d4                fOledCharUpdate
                0x200003d8                clrOledCur
                0x200003dc                pbOledFontUser
                0x200003e0                bnOledCur
 COMMON         0x200003e4       0x88 Src\main.o
                0x200003e4                hadc1
                0x20000414                hspi1
 COMMON         0x2000046c        0x4 c:/program files (x86)/atollic/truestudio for arm 8.1.0/armtools/bin/../lib/gcc/arm-atollic-eabi/6.3.1/../../../../arm-atollic-eabi/lib/armv7-m\libc_nano.a(lib_a-reent.o)
                0x2000046c                errno
                0x20000470                . = ALIGN (0x4)
                0x20000470                _ebss = .
                0x20000470                __bss_end__ = _ebss

._user_heap_stack
                0x20000470      0x600 load address 0x08002a54
                0x20000470                . = ALIGN (0x4)
                0x20000470                PROVIDE (end, .)
                [!provide]                PROVIDE (_end, .)
                0x20000670                . = (. + _Min_Heap_Size)
 *fill*         0x20000470      0x200 
                0x20000a70                . = (. + _Min_Stack_Size)
 *fill*         0x20000670      0x400 
                0x20000a70                . = ALIGN (0x4)

/DISCARD/
 libc.a(*)
 libm.a(*)
 libgcc.a(*)

.ARM.attributes
                0x00000000       0x29
 *(.ARM.attributes)
 .ARM.attributes
                0x00000000       0x1d c:/program files (x86)/atollic/truestudio for arm 8.1.0/armtools/bin/../lib/gcc/arm-atollic-eabi/6.3.1/armv7-m/crti.o
 .ARM.attributes
                0x0000001d       0x2d c:/program files (x86)/atollic/truestudio for arm 8.1.0/armtools/bin/../lib/gcc/arm-atollic-eabi/6.3.1/armv7-m/crtbegin.o
 .ARM.attributes
                0x0000004a       0x33 Drivers\STM32F1xx_HAL_Driver\Src\stm32f1xx_hal.o
 .ARM.attributes
                0x0000007d       0x33 Drivers\STM32F1xx_HAL_Driver\Src\stm32f1xx_hal_adc.o
 .ARM.attributes
                0x000000b0       0x33 Drivers\STM32F1xx_HAL_Driver\Src\stm32f1xx_hal_cortex.o
 .ARM.attributes
                0x000000e3       0x33 Drivers\STM32F1xx_HAL_Driver\Src\stm32f1xx_hal_gpio.o
 .ARM.attributes
                0x00000116       0x33 Drivers\STM32F1xx_HAL_Driver\Src\stm32f1xx_hal_rcc.o
 .ARM.attributes
                0x00000149       0x33 Drivers\STM32F1xx_HAL_Driver\Src\stm32f1xx_hal_rcc_ex.o
 .ARM.attributes
                0x0000017c       0x33 Drivers\STM32F1xx_HAL_Driver\Src\stm32f1xx_hal_spi.o
 .ARM.attributes
                0x000001af       0x33 Drivers\STM32F1xx_HAL_Driver\Src\stm32f1xx_hal_spi_ex.o
 .ARM.attributes
                0x000001e2       0x33 Src\OledChar.o
 .ARM.attributes
                0x00000215       0x33 Src\OledDriver.o
 .ARM.attributes
                0x00000248       0x33 Src\OledGrph.o
 .ARM.attributes
                0x0000027b       0x33 Src\main.o
 .ARM.attributes
                0x000002ae       0x33 Src\stm32f1xx_hal_msp.o
 .ARM.attributes
                0x000002e1       0x33 Src\stm32f1xx_it.o
 .ARM.attributes
                0x00000314       0x33 Src\system_stm32f1xx.o
 .ARM.attributes
                0x00000347       0x21 startup\startup_stm32f103xb.o
 .ARM.attributes
                0x00000368       0x2d c:/program files (x86)/atollic/truestudio for arm 8.1.0/armtools/bin/../lib/gcc/arm-atollic-eabi/6.3.1/../../../../arm-atollic-eabi/lib/armv7-m\libc_nano.a(lib_a-init.o)
 .ARM.attributes
                0x00000395       0x2d c:/program files (x86)/atollic/truestudio for arm 8.1.0/armtools/bin/../lib/gcc/arm-atollic-eabi/6.3.1/../../../../arm-atollic-eabi/lib/armv7-m\libc_nano.a(lib_a-sprintf.o)
 .ARM.attributes
                0x000003c2       0x2d c:/program files (x86)/atollic/truestudio for arm 8.1.0/armtools/bin/../lib/gcc/arm-atollic-eabi/6.3.1/../../../../arm-atollic-eabi/lib/armv7-m\libc_nano.a(lib_a-impure.o)
 .ARM.attributes
                0x000003ef       0x2d c:/program files (x86)/atollic/truestudio for arm 8.1.0/armtools/bin/../lib/gcc/arm-atollic-eabi/6.3.1/../../../../arm-atollic-eabi/lib/armv7-m\libc_nano.a(lib_a-nano-svfprintf.o)
 .ARM.attributes
                0x0000041c       0x2d c:/program files (x86)/atollic/truestudio for arm 8.1.0/armtools/bin/../lib/gcc/arm-atollic-eabi/6.3.1/../../../../arm-atollic-eabi/lib/armv7-m\libc_nano.a(lib_a-nano-vfprintf_i.o)
 .ARM.attributes
                0x00000449       0x2d c:/program files (x86)/atollic/truestudio for arm 8.1.0/armtools/bin/../lib/gcc/arm-atollic-eabi/6.3.1/../../../../arm-atollic-eabi/lib/armv7-m\libc_nano.a(lib_a-memchr-stub.o)
 .ARM.attributes
                0x00000476       0x2d c:/program files (x86)/atollic/truestudio for arm 8.1.0/armtools/bin/../lib/gcc/arm-atollic-eabi/6.3.1/../../../../arm-atollic-eabi/lib/armv7-m\libc_nano.a(lib_a-memcpy-stub.o)
 .ARM.attributes
                0x000004a3       0x2d c:/program files (x86)/atollic/truestudio for arm 8.1.0/armtools/bin/../lib/gcc/arm-atollic-eabi/6.3.1/../../../../arm-atollic-eabi/lib/armv7-m\libc_nano.a(lib_a-memmove.o)
 .ARM.attributes
                0x000004d0       0x2d c:/program files (x86)/atollic/truestudio for arm 8.1.0/armtools/bin/../lib/gcc/arm-atollic-eabi/6.3.1/../../../../arm-atollic-eabi/lib/armv7-m\libc_nano.a(lib_a-nano-freer.o)
 .ARM.attributes
                0x000004fd       0x2d c:/program files (x86)/atollic/truestudio for arm 8.1.0/armtools/bin/../lib/gcc/arm-atollic-eabi/6.3.1/../../../../arm-atollic-eabi/lib/armv7-m\libc_nano.a(lib_a-nano-mallocr.o)
 .ARM.attributes
                0x0000052a       0x2d c:/program files (x86)/atollic/truestudio for arm 8.1.0/armtools/bin/../lib/gcc/arm-atollic-eabi/6.3.1/../../../../arm-atollic-eabi/lib/armv7-m\libc_nano.a(lib_a-nano-reallocr.o)
 .ARM.attributes
                0x00000557       0x2d c:/program files (x86)/atollic/truestudio for arm 8.1.0/armtools/bin/../lib/gcc/arm-atollic-eabi/6.3.1/../../../../arm-atollic-eabi/lib/armv7-m\libc_nano.a(lib_a-sbrkr.o)
 .ARM.attributes
                0x00000584       0x2d c:/program files (x86)/atollic/truestudio for arm 8.1.0/armtools/bin/../lib/gcc/arm-atollic-eabi/6.3.1/../../../../arm-atollic-eabi/lib/armv7-m\libc_nano.a(lib_a-mlock.o)
 .ARM.attributes
                0x000005b1       0x2d c:/program files (x86)/atollic/truestudio for arm 8.1.0/armtools/bin/../lib/gcc/arm-atollic-eabi/6.3.1/../../../../arm-atollic-eabi/lib/armv7-m\libc_nano.a(lib_a-nano-msizer.o)
 .ARM.attributes
                0x000005de       0x2d c:/program files (x86)/atollic/truestudio for arm 8.1.0/armtools/bin/../lib/gcc/arm-atollic-eabi/6.3.1/../../../../arm-atollic-eabi/lib/armv7-m\libc_nano.a(lib_a-reent.o)
 .ARM.attributes
                0x0000060b       0x1d c:/program files (x86)/atollic/truestudio for arm 8.1.0/armtools/bin/../lib/gcc/arm-atollic-eabi/6.3.1/armv7-m\libgcc.a(_arm_addsubdf3.o)
 .ARM.attributes
                0x00000628       0x1d c:/program files (x86)/atollic/truestudio for arm 8.1.0/armtools/bin/../lib/gcc/arm-atollic-eabi/6.3.1/armv7-m\libgcc.a(_arm_muldivdf3.o)
 .ARM.attributes
                0x00000645       0x1d c:/program files (x86)/atollic/truestudio for arm 8.1.0/armtools/bin/../lib/gcc/arm-atollic-eabi/6.3.1/armv7-m\libgcc.a(_arm_truncdfsf2.o)
 .ARM.attributes
                0x00000662       0x1d c:/program files (x86)/atollic/truestudio for arm 8.1.0/armtools/bin/../lib/gcc/arm-atollic-eabi/6.3.1/armv7-m\libgcc.a(_arm_addsubsf3.o)
 .ARM.attributes
                0x0000067f       0x2d c:/program files (x86)/atollic/truestudio for arm 8.1.0/armtools/bin/../lib/gcc/arm-atollic-eabi/6.3.1/../../../../arm-atollic-eabi/lib/armv7-m\libnosys.a(sbrk.o)
 .ARM.attributes
                0x000006ac       0x1d c:/program files (x86)/atollic/truestudio for arm 8.1.0/armtools/bin/../lib/gcc/arm-atollic-eabi/6.3.1/armv7-m/crtn.o
OUTPUT(ohmimetro.elf elf32-littlearm)

.debug_info     0x00000000     0xff0b
 .debug_info    0x00000000      0xece Drivers\STM32F1xx_HAL_Driver\Src\stm32f1xx_hal.o
 .debug_info    0x00000ece     0x165b Drivers\STM32F1xx_HAL_Driver\Src\stm32f1xx_hal_adc.o
 .debug_info    0x00002529     0x1463 Drivers\STM32F1xx_HAL_Driver\Src\stm32f1xx_hal_cortex.o
 .debug_info    0x0000398c      0xe7c Drivers\STM32F1xx_HAL_Driver\Src\stm32f1xx_hal_gpio.o
 .debug_info    0x00004808     0x118f Drivers\STM32F1xx_HAL_Driver\Src\stm32f1xx_hal_rcc.o
 .debug_info    0x00005997      0xc57 Drivers\STM32F1xx_HAL_Driver\Src\stm32f1xx_hal_rcc_ex.o
 .debug_info    0x000065ee     0x2318 Drivers\STM32F1xx_HAL_Driver\Src\stm32f1xx_hal_spi.o
 .debug_info    0x00008906      0xe1b Drivers\STM32F1xx_HAL_Driver\Src\stm32f1xx_hal_spi_ex.o
 .debug_info    0x00009721      0x35e Src\OledChar.o
 .debug_info    0x00009a7f     0x1605 Src\OledDriver.o
 .debug_info    0x0000b084      0xa11 Src\OledGrph.o
 .debug_info    0x0000ba95     0x1900 Src\main.o
 .debug_info    0x0000d395     0x14f5 Src\stm32f1xx_hal_msp.o
 .debug_info    0x0000e88a      0x9df Src\stm32f1xx_it.o
 .debug_info    0x0000f269      0xc07 Src\system_stm32f1xx.o
 .debug_info    0x0000fe70       0x9b startup\startup_stm32f103xb.o

.debug_abbrev   0x00000000     0x2714
 .debug_abbrev  0x00000000      0x2c2 Drivers\STM32F1xx_HAL_Driver\Src\stm32f1xx_hal.o
 .debug_abbrev  0x000002c2      0x2fb Drivers\STM32F1xx_HAL_Driver\Src\stm32f1xx_hal_adc.o
 .debug_abbrev  0x000005bd      0x399 Drivers\STM32F1xx_HAL_Driver\Src\stm32f1xx_hal_cortex.o
 .debug_abbrev  0x00000956      0x268 Drivers\STM32F1xx_HAL_Driver\Src\stm32f1xx_hal_gpio.o
 .debug_abbrev  0x00000bbe      0x354 Drivers\STM32F1xx_HAL_Driver\Src\stm32f1xx_hal_rcc.o
 .debug_abbrev  0x00000f12      0x277 Drivers\STM32F1xx_HAL_Driver\Src\stm32f1xx_hal_rcc_ex.o
 .debug_abbrev  0x00001189      0x39b Drivers\STM32F1xx_HAL_Driver\Src\stm32f1xx_hal_spi.o
 .debug_abbrev  0x00001524      0x1d8 Drivers\STM32F1xx_HAL_Driver\Src\stm32f1xx_hal_spi_ex.o
 .debug_abbrev  0x000016fc      0x18c Src\OledChar.o
 .debug_abbrev  0x00001888      0x2cd Src\OledDriver.o
 .debug_abbrev  0x00001b55      0x292 Src\OledGrph.o
 .debug_abbrev  0x00001de7      0x321 Src\main.o
 .debug_abbrev  0x00002108      0x223 Src\stm32f1xx_hal_msp.o
 .debug_abbrev  0x0000232b      0x1ec Src\stm32f1xx_it.o
 .debug_abbrev  0x00002517      0x1eb Src\system_stm32f1xx.o
 .debug_abbrev  0x00002702       0x12 startup\startup_stm32f103xb.o

.debug_loc      0x00000000     0x3b42
 .debug_loc     0x00000000       0x69 Drivers\STM32F1xx_HAL_Driver\Src\stm32f1xx_hal.o
 .debug_loc     0x00000069      0x873 Drivers\STM32F1xx_HAL_Driver\Src\stm32f1xx_hal_adc.o
 .debug_loc     0x000008dc      0x46b Drivers\STM32F1xx_HAL_Driver\Src\stm32f1xx_hal_cortex.o
 .debug_loc     0x00000d47      0x36a Drivers\STM32F1xx_HAL_Driver\Src\stm32f1xx_hal_gpio.o
 .debug_loc     0x000010b1      0x404 Drivers\STM32F1xx_HAL_Driver\Src\stm32f1xx_hal_rcc.o
 .debug_loc     0x000014b5      0x29d Drivers\STM32F1xx_HAL_Driver\Src\stm32f1xx_hal_rcc_ex.o
 .debug_loc     0x00001752     0x1525 Drivers\STM32F1xx_HAL_Driver\Src\stm32f1xx_hal_spi.o
 .debug_loc     0x00002c77       0x34 Drivers\STM32F1xx_HAL_Driver\Src\stm32f1xx_hal_spi_ex.o
 .debug_loc     0x00002cab      0x26f Src\OledChar.o
 .debug_loc     0x00002f1a      0x1c1 Src\OledDriver.o
 .debug_loc     0x000030db      0x900 Src\OledGrph.o
 .debug_loc     0x000039db       0x9a Src\stm32f1xx_hal_msp.o
 .debug_loc     0x00003a75       0xcd Src\system_stm32f1xx.o

.debug_aranges  0x00000000      0x7a0
 .debug_aranges
                0x00000000       0xb0 Drivers\STM32F1xx_HAL_Driver\Src\stm32f1xx_hal.o
 .debug_aranges
                0x000000b0       0xc8 Drivers\STM32F1xx_HAL_Driver\Src\stm32f1xx_hal_adc.o
 .debug_aranges
                0x00000178       0x90 Drivers\STM32F1xx_HAL_Driver\Src\stm32f1xx_hal_cortex.o
 .debug_aranges
                0x00000208       0x58 Drivers\STM32F1xx_HAL_Driver\Src\stm32f1xx_hal_gpio.o
 .debug_aranges
                0x00000260       0x88 Drivers\STM32F1xx_HAL_Driver\Src\stm32f1xx_hal_rcc.o
 .debug_aranges
                0x000002e8       0x30 Drivers\STM32F1xx_HAL_Driver\Src\stm32f1xx_hal_rcc_ex.o
 .debug_aranges
                0x00000318      0x188 Drivers\STM32F1xx_HAL_Driver\Src\stm32f1xx_hal_spi.o
 .debug_aranges
                0x000004a0       0x20 Drivers\STM32F1xx_HAL_Driver\Src\stm32f1xx_hal_spi_ex.o
 .debug_aranges
                0x000004c0       0x60 Src\OledChar.o
 .debug_aranges
                0x00000520       0x90 Src\OledDriver.o
 .debug_aranges
                0x000005b0       0xe8 Src\OledGrph.o
 .debug_aranges
                0x00000698       0x30 Src\main.o
 .debug_aranges
                0x000006c8       0x40 Src\stm32f1xx_hal_msp.o
 .debug_aranges
                0x00000708       0x48 Src\stm32f1xx_it.o
 .debug_aranges
                0x00000750       0x28 Src\system_stm32f1xx.o
 .debug_aranges
                0x00000778       0x28 startup\startup_stm32f103xb.o

.debug_ranges   0x00000000      0x930
 .debug_ranges  0x00000000       0xa0 Drivers\STM32F1xx_HAL_Driver\Src\stm32f1xx_hal.o
 .debug_ranges  0x000000a0       0xb8 Drivers\STM32F1xx_HAL_Driver\Src\stm32f1xx_hal_adc.o
 .debug_ranges  0x00000158      0x128 Drivers\STM32F1xx_HAL_Driver\Src\stm32f1xx_hal_cortex.o
 .debug_ranges  0x00000280       0x60 Drivers\STM32F1xx_HAL_Driver\Src\stm32f1xx_hal_gpio.o
 .debug_ranges  0x000002e0       0xa0 Drivers\STM32F1xx_HAL_Driver\Src\stm32f1xx_hal_rcc.o
 .debug_ranges  0x00000380       0x40 Drivers\STM32F1xx_HAL_Driver\Src\stm32f1xx_hal_rcc_ex.o
 .debug_ranges  0x000003c0      0x1d8 Drivers\STM32F1xx_HAL_Driver\Src\stm32f1xx_hal_spi.o
 .debug_ranges  0x00000598       0x10 Drivers\STM32F1xx_HAL_Driver\Src\stm32f1xx_hal_spi_ex.o
 .debug_ranges  0x000005a8       0x50 Src\OledChar.o
 .debug_ranges  0x000005f8       0x80 Src\OledDriver.o
 .debug_ranges  0x00000678       0xf0 Src\OledGrph.o
 .debug_ranges  0x00000768       0xc8 Src\main.o
 .debug_ranges  0x00000830       0x90 Src\stm32f1xx_hal_msp.o
 .debug_ranges  0x000008c0       0x38 Src\stm32f1xx_it.o
 .debug_ranges  0x000008f8       0x18 Src\system_stm32f1xx.o
 .debug_ranges  0x00000910       0x20 startup\startup_stm32f103xb.o

.debug_line     0x00000000     0x4446
 .debug_line    0x00000000      0x406 Drivers\STM32F1xx_HAL_Driver\Src\stm32f1xx_hal.o
 .debug_line    0x00000406      0x866 Drivers\STM32F1xx_HAL_Driver\Src\stm32f1xx_hal_adc.o
 .debug_line    0x00000c6c      0x42c Drivers\STM32F1xx_HAL_Driver\Src\stm32f1xx_hal_cortex.o
 .debug_line    0x00001098      0x445 Drivers\STM32F1xx_HAL_Driver\Src\stm32f1xx_hal_gpio.o
 .debug_line    0x000014dd      0x5f9 Drivers\STM32F1xx_HAL_Driver\Src\stm32f1xx_hal_rcc.o
 .debug_line    0x00001ad6      0x3c6 Drivers\STM32F1xx_HAL_Driver\Src\stm32f1xx_hal_rcc_ex.o
 .debug_line    0x00001e9c      0xbe5 Drivers\STM32F1xx_HAL_Driver\Src\stm32f1xx_hal_spi.o
 .debug_line    0x00002a81      0x2ec Drivers\STM32F1xx_HAL_Driver\Src\stm32f1xx_hal_spi_ex.o
 .debug_line    0x00002d6d      0x14c Src\OledChar.o
 .debug_line    0x00002eb9      0x491 Src\OledDriver.o
 .debug_line    0x0000334a      0x343 Src\OledGrph.o
 .debug_line    0x0000368d      0x480 Src\main.o
 .debug_line    0x00003b0d      0x36f Src\stm32f1xx_hal_msp.o
 .debug_line    0x00003e7c      0x2cb Src\stm32f1xx_it.o
 .debug_line    0x00004147      0x282 Src\system_stm32f1xx.o
 .debug_line    0x000043c9       0x7d startup\startup_stm32f103xb.o

.debug_str      0x00000000     0x2888
 .debug_str     0x00000000      0xb41 Drivers\STM32F1xx_HAL_Driver\Src\stm32f1xx_hal.o
                                0xbdb (size before relaxing)
 .debug_str     0x00000b41      0x66f Drivers\STM32F1xx_HAL_Driver\Src\stm32f1xx_hal_adc.o
                                0xd33 (size before relaxing)
 .debug_str     0x000011b0      0x2e1 Drivers\STM32F1xx_HAL_Driver\Src\stm32f1xx_hal_cortex.o
                                0xd3f (size before relaxing)
 .debug_str     0x00001491      0x1d6 Drivers\STM32F1xx_HAL_Driver\Src\stm32f1xx_hal_gpio.o
                                0x8ac (size before relaxing)
 .debug_str     0x00001667      0x317 Drivers\STM32F1xx_HAL_Driver\Src\stm32f1xx_hal_rcc.o
                                0xa8a (size before relaxing)
 .debug_str     0x0000197e      0x110 Drivers\STM32F1xx_HAL_Driver\Src\stm32f1xx_hal_rcc_ex.o
                                0x867 (size before relaxing)
 .debug_str     0x00001a8e      0x6c5 Drivers\STM32F1xx_HAL_Driver\Src\stm32f1xx_hal_spi.o
                                0xf7f (size before relaxing)
 .debug_str     0x00002153       0x3b Drivers\STM32F1xx_HAL_Driver\Src\stm32f1xx_hal_spi_ex.o
                                0xa67 (size before relaxing)
 .debug_str     0x0000218e      0x1a6 Src\OledChar.o
                                0x2c4 (size before relaxing)
 .debug_str     0x00002334      0x153 Src\OledDriver.o
                                0xc30 (size before relaxing)
 .debug_str     0x00002487      0x243 Src\OledGrph.o
                                0x41f (size before relaxing)
 .debug_str     0x000026ca       0xb0 Src\main.o
                               0x122a (size before relaxing)
 .debug_str     0x0000277a       0x1b Src\stm32f1xx_hal_msp.o
                                0xf1d (size before relaxing)
 .debug_str     0x00002795       0xa6 Src\stm32f1xx_it.o
                                0x6ee (size before relaxing)
 .debug_str     0x0000283b       0x4d Src\system_stm32f1xx.o
                                0x715 (size before relaxing)

.comment        0x00000000       0x7c
 .comment       0x00000000       0x7c Drivers\STM32F1xx_HAL_Driver\Src\stm32f1xx_hal.o
                                 0x7d (size before relaxing)
 .comment       0x0000007c       0x7d Drivers\STM32F1xx_HAL_Driver\Src\stm32f1xx_hal_adc.o
 .comment       0x0000007c       0x7d Drivers\STM32F1xx_HAL_Driver\Src\stm32f1xx_hal_cortex.o
 .comment       0x0000007c       0x7d Drivers\STM32F1xx_HAL_Driver\Src\stm32f1xx_hal_gpio.o
 .comment       0x0000007c       0x7d Drivers\STM32F1xx_HAL_Driver\Src\stm32f1xx_hal_rcc.o
 .comment       0x0000007c       0x7d Drivers\STM32F1xx_HAL_Driver\Src\stm32f1xx_hal_rcc_ex.o
 .comment       0x0000007c       0x7d Drivers\STM32F1xx_HAL_Driver\Src\stm32f1xx_hal_spi.o
 .comment       0x0000007c       0x7d Drivers\STM32F1xx_HAL_Driver\Src\stm32f1xx_hal_spi_ex.o
 .comment       0x0000007c       0x7d Src\OledChar.o
 .comment       0x0000007c       0x7d Src\OledDriver.o
 .comment       0x0000007c       0x7d Src\OledGrph.o
 .comment       0x0000007c       0x7d Src\main.o
 .comment       0x0000007c       0x7d Src\stm32f1xx_hal_msp.o
 .comment       0x0000007c       0x7d Src\stm32f1xx_it.o
 .comment       0x0000007c       0x7d Src\system_stm32f1xx.o

.debug_frame    0x00000000     0x18cc
 .debug_frame   0x00000000      0x174 Drivers\STM32F1xx_HAL_Driver\Src\stm32f1xx_hal.o
 .debug_frame   0x00000174      0x298 Drivers\STM32F1xx_HAL_Driver\Src\stm32f1xx_hal_adc.o
 .debug_frame   0x0000040c      0x120 Drivers\STM32F1xx_HAL_Driver\Src\stm32f1xx_hal_cortex.o
 .debug_frame   0x0000052c       0xd4 Drivers\STM32F1xx_HAL_Driver\Src\stm32f1xx_hal_gpio.o
 .debug_frame   0x00000600      0x144 Drivers\STM32F1xx_HAL_Driver\Src\stm32f1xx_hal_rcc.o
 .debug_frame   0x00000744       0x6c Drivers\STM32F1xx_HAL_Driver\Src\stm32f1xx_hal_rcc_ex.o
 .debug_frame   0x000007b0      0x570 Drivers\STM32F1xx_HAL_Driver\Src\stm32f1xx_hal_spi.o
 .debug_frame   0x00000d20       0x28 Drivers\STM32F1xx_HAL_Driver\Src\stm32f1xx_hal_spi_ex.o
 .debug_frame   0x00000d48       0xcc Src\OledChar.o
 .debug_frame   0x00000e14      0x198 Src\OledDriver.o
 .debug_frame   0x00000fac      0x264 Src\OledGrph.o
 .debug_frame   0x00001210       0x5c Src\main.o
 .debug_frame   0x0000126c       0x7c Src\stm32f1xx_hal_msp.o
 .debug_frame   0x000012e8       0xac Src\stm32f1xx_it.o
 .debug_frame   0x00001394       0x30 Src\system_stm32f1xx.o
 .debug_frame   0x000013c4       0x2c c:/program files (x86)/atollic/truestudio for arm 8.1.0/armtools/bin/../lib/gcc/arm-atollic-eabi/6.3.1/../../../../arm-atollic-eabi/lib/armv7-m\libc_nano.a(lib_a-init.o)
 .debug_frame   0x000013f0       0x70 c:/program files (x86)/atollic/truestudio for arm 8.1.0/armtools/bin/../lib/gcc/arm-atollic-eabi/6.3.1/../../../../arm-atollic-eabi/lib/armv7-m\libc_nano.a(lib_a-sprintf.o)
 .debug_frame   0x00001460       0x90 c:/program files (x86)/atollic/truestudio for arm 8.1.0/armtools/bin/../lib/gcc/arm-atollic-eabi/6.3.1/../../../../arm-atollic-eabi/lib/armv7-m\libc_nano.a(lib_a-nano-svfprintf.o)
 .debug_frame   0x000014f0       0x60 c:/program files (x86)/atollic/truestudio for arm 8.1.0/armtools/bin/../lib/gcc/arm-atollic-eabi/6.3.1/../../../../arm-atollic-eabi/lib/armv7-m\libc_nano.a(lib_a-nano-vfprintf_i.o)
 .debug_frame   0x00001550       0x28 c:/program files (x86)/atollic/truestudio for arm 8.1.0/armtools/bin/../lib/gcc/arm-atollic-eabi/6.3.1/../../../../arm-atollic-eabi/lib/armv7-m\libc_nano.a(lib_a-memchr-stub.o)
 .debug_frame   0x00001578       0x28 c:/program files (x86)/atollic/truestudio for arm 8.1.0/armtools/bin/../lib/gcc/arm-atollic-eabi/6.3.1/../../../../arm-atollic-eabi/lib/armv7-m\libc_nano.a(lib_a-memcpy-stub.o)
 .debug_frame   0x000015a0       0x28 c:/program files (x86)/atollic/truestudio for arm 8.1.0/armtools/bin/../lib/gcc/arm-atollic-eabi/6.3.1/../../../../arm-atollic-eabi/lib/armv7-m\libc_nano.a(lib_a-memmove.o)
 .debug_frame   0x000015c8       0x38 c:/program files (x86)/atollic/truestudio for arm 8.1.0/armtools/bin/../lib/gcc/arm-atollic-eabi/6.3.1/../../../../arm-atollic-eabi/lib/armv7-m\libc_nano.a(lib_a-nano-freer.o)
 .debug_frame   0x00001600       0x2c c:/program files (x86)/atollic/truestudio for arm 8.1.0/armtools/bin/../lib/gcc/arm-atollic-eabi/6.3.1/../../../../arm-atollic-eabi/lib/armv7-m\libc_nano.a(lib_a-nano-mallocr.o)
 .debug_frame   0x0000162c       0x3c c:/program files (x86)/atollic/truestudio for arm 8.1.0/armtools/bin/../lib/gcc/arm-atollic-eabi/6.3.1/../../../../arm-atollic-eabi/lib/armv7-m\libc_nano.a(lib_a-nano-reallocr.o)
 .debug_frame   0x00001668       0x2c c:/program files (x86)/atollic/truestudio for arm 8.1.0/armtools/bin/../lib/gcc/arm-atollic-eabi/6.3.1/../../../../arm-atollic-eabi/lib/armv7-m\libc_nano.a(lib_a-sbrkr.o)
 .debug_frame   0x00001694       0x30 c:/program files (x86)/atollic/truestudio for arm 8.1.0/armtools/bin/../lib/gcc/arm-atollic-eabi/6.3.1/../../../../arm-atollic-eabi/lib/armv7-m\libc_nano.a(lib_a-mlock.o)
 .debug_frame   0x000016c4       0x20 c:/program files (x86)/atollic/truestudio for arm 8.1.0/armtools/bin/../lib/gcc/arm-atollic-eabi/6.3.1/../../../../arm-atollic-eabi/lib/armv7-m\libc_nano.a(lib_a-nano-msizer.o)
 .debug_frame   0x000016e4       0x5c c:/program files (x86)/atollic/truestudio for arm 8.1.0/armtools/bin/../lib/gcc/arm-atollic-eabi/6.3.1/../../../../arm-atollic-eabi/lib/armv7-m\libc_nano.a(lib_a-reent.o)
 .debug_frame   0x00001740       0xac c:/program files (x86)/atollic/truestudio for arm 8.1.0/armtools/bin/../lib/gcc/arm-atollic-eabi/6.3.1/armv7-m\libgcc.a(_arm_addsubdf3.o)
 .debug_frame   0x000017ec       0x50 c:/program files (x86)/atollic/truestudio for arm 8.1.0/armtools/bin/../lib/gcc/arm-atollic-eabi/6.3.1/armv7-m\libgcc.a(_arm_muldivdf3.o)
 .debug_frame   0x0000183c       0x24 c:/program files (x86)/atollic/truestudio for arm 8.1.0/armtools/bin/../lib/gcc/arm-atollic-eabi/6.3.1/armv7-m\libgcc.a(_arm_truncdfsf2.o)
 .debug_frame   0x00001860       0x4c c:/program files (x86)/atollic/truestudio for arm 8.1.0/armtools/bin/../lib/gcc/arm-atollic-eabi/6.3.1/armv7-m\libgcc.a(_arm_addsubsf3.o)
 .debug_frame   0x000018ac       0x20 c:/program files (x86)/atollic/truestudio for arm 8.1.0/armtools/bin/../lib/gcc/arm-atollic-eabi/6.3.1/../../../../arm-atollic-eabi/lib/armv7-m\libnosys.a(sbrk.o)
