Archive member included to satisfy reference by file (symbol)

c:/program files (x86)/atollic/truestudio for arm 8.0.0/armtools/bin/../lib/gcc/arm-atollic-eabi/6.3.1/../../../../arm-atollic-eabi/lib/armv7-m\libc_nano.a(lib_a-atoi.o)
                              Src\main.o (atoi)
c:/program files (x86)/atollic/truestudio for arm 8.0.0/armtools/bin/../lib/gcc/arm-atollic-eabi/6.3.1/../../../../arm-atollic-eabi/lib/armv7-m\libc_nano.a(lib_a-init.o)
                              startup\startup_stm32f103xb.o (__libc_init_array)
c:/program files (x86)/atollic/truestudio for arm 8.0.0/armtools/bin/../lib/gcc/arm-atollic-eabi/6.3.1/../../../../arm-atollic-eabi/lib/armv7-m\libc_nano.a(lib_a-sprintf.o)
                              Src\main.o (sprintf)
c:/program files (x86)/atollic/truestudio for arm 8.0.0/armtools/bin/../lib/gcc/arm-atollic-eabi/6.3.1/../../../../arm-atollic-eabi/lib/armv7-m\libc_nano.a(lib_a-strtol.o)
                              c:/program files (x86)/atollic/truestudio for arm 8.0.0/armtools/bin/../lib/gcc/arm-atollic-eabi/6.3.1/../../../../arm-atollic-eabi/lib/armv7-m\libc_nano.a(lib_a-atoi.o) (_strtol_r)
c:/program files (x86)/atollic/truestudio for arm 8.0.0/armtools/bin/../lib/gcc/arm-atollic-eabi/6.3.1/../../../../arm-atollic-eabi/lib/armv7-m\libc_nano.a(lib_a-impure.o)
                              c:/program files (x86)/atollic/truestudio for arm 8.0.0/armtools/bin/../lib/gcc/arm-atollic-eabi/6.3.1/../../../../arm-atollic-eabi/lib/armv7-m\libc_nano.a(lib_a-sprintf.o) (_impure_ptr)
c:/program files (x86)/atollic/truestudio for arm 8.0.0/armtools/bin/../lib/gcc/arm-atollic-eabi/6.3.1/../../../../arm-atollic-eabi/lib/armv7-m\libc_nano.a(lib_a-locale.o)
                              c:/program files (x86)/atollic/truestudio for arm 8.0.0/armtools/bin/../lib/gcc/arm-atollic-eabi/6.3.1/../../../../arm-atollic-eabi/lib/armv7-m\libc_nano.a(lib_a-strtol.o) (__locale_ctype_ptr_l)
c:/program files (x86)/atollic/truestudio for arm 8.0.0/armtools/bin/../lib/gcc/arm-atollic-eabi/6.3.1/../../../../arm-atollic-eabi/lib/armv7-m\libc_nano.a(lib_a-mbtowc_r.o)
                              c:/program files (x86)/atollic/truestudio for arm 8.0.0/armtools/bin/../lib/gcc/arm-atollic-eabi/6.3.1/../../../../arm-atollic-eabi/lib/armv7-m\libc_nano.a(lib_a-locale.o) (__ascii_mbtowc)
c:/program files (x86)/atollic/truestudio for arm 8.0.0/armtools/bin/../lib/gcc/arm-atollic-eabi/6.3.1/../../../../arm-atollic-eabi/lib/armv7-m\libc_nano.a(lib_a-nano-svfprintf.o)
                              c:/program files (x86)/atollic/truestudio for arm 8.0.0/armtools/bin/../lib/gcc/arm-atollic-eabi/6.3.1/../../../../arm-atollic-eabi/lib/armv7-m\libc_nano.a(lib_a-sprintf.o) (_svfprintf_r)
c:/program files (x86)/atollic/truestudio for arm 8.0.0/armtools/bin/../lib/gcc/arm-atollic-eabi/6.3.1/../../../../arm-atollic-eabi/lib/armv7-m\libc_nano.a(lib_a-nano-vfprintf_i.o)
                              c:/program files (x86)/atollic/truestudio for arm 8.0.0/armtools/bin/../lib/gcc/arm-atollic-eabi/6.3.1/../../../../arm-atollic-eabi/lib/armv7-m\libc_nano.a(lib_a-nano-svfprintf.o) (_printf_i)
c:/program files (x86)/atollic/truestudio for arm 8.0.0/armtools/bin/../lib/gcc/arm-atollic-eabi/6.3.1/../../../../arm-atollic-eabi/lib/armv7-m\libc_nano.a(lib_a-strcmp.o)
                              c:/program files (x86)/atollic/truestudio for arm 8.0.0/armtools/bin/../lib/gcc/arm-atollic-eabi/6.3.1/../../../../arm-atollic-eabi/lib/armv7-m\libc_nano.a(lib_a-locale.o) (strcmp)
c:/program files (x86)/atollic/truestudio for arm 8.0.0/armtools/bin/../lib/gcc/arm-atollic-eabi/6.3.1/../../../../arm-atollic-eabi/lib/armv7-m\libc_nano.a(lib_a-wctomb_r.o)
                              c:/program files (x86)/atollic/truestudio for arm 8.0.0/armtools/bin/../lib/gcc/arm-atollic-eabi/6.3.1/../../../../arm-atollic-eabi/lib/armv7-m\libc_nano.a(lib_a-locale.o) (__ascii_wctomb)
c:/program files (x86)/atollic/truestudio for arm 8.0.0/armtools/bin/../lib/gcc/arm-atollic-eabi/6.3.1/../../../../arm-atollic-eabi/lib/armv7-m\libc_nano.a(lib_a-ctype_.o)
                              c:/program files (x86)/atollic/truestudio for arm 8.0.0/armtools/bin/../lib/gcc/arm-atollic-eabi/6.3.1/../../../../arm-atollic-eabi/lib/armv7-m\libc_nano.a(lib_a-locale.o) (_ctype_)
c:/program files (x86)/atollic/truestudio for arm 8.0.0/armtools/bin/../lib/gcc/arm-atollic-eabi/6.3.1/../../../../arm-atollic-eabi/lib/armv7-m\libc_nano.a(lib_a-memchr-stub.o)
                              c:/program files (x86)/atollic/truestudio for arm 8.0.0/armtools/bin/../lib/gcc/arm-atollic-eabi/6.3.1/../../../../arm-atollic-eabi/lib/armv7-m\libc_nano.a(lib_a-nano-svfprintf.o) (memchr)
c:/program files (x86)/atollic/truestudio for arm 8.0.0/armtools/bin/../lib/gcc/arm-atollic-eabi/6.3.1/../../../../arm-atollic-eabi/lib/armv7-m\libc_nano.a(lib_a-memcpy-stub.o)
[...]
Memory Configuration

Name             Origin             Length             Attributes
RAM              0x20000000         0x00005000         xrw
FLASH            0x08000000         0x00010000         xr
*default*        0x00000000         0xffffffff

Linker script and memory map

LOAD c:/program files (x86)/atollic/truestudio for arm 8.0.0/armtools/bin/../lib/gcc/arm-atollic-eabi/6.3.1/armv7-m/crti.o
LOAD c:/program files (x86)/atollic/truestudio for arm 8.0.0/armtools/bin/../lib/gcc/arm-atollic-eabi/6.3.1/armv7-m/crtbegin.o
LOAD Drivers\STM32F1xx_HAL_Driver\Src\stm32f1xx_hal.o
LOAD Drivers\STM32F1xx_HAL_Driver\Src\stm32f1xx_hal_adc.o
LOAD Drivers\STM32F1xx_HAL_Driver\Src\stm32f1xx_hal_adc_ex.o
LOAD Drivers\STM32F1xx_HAL_Driver\Src\stm32f1xx_hal_cortex.o
LOAD Drivers\STM32F1xx_HAL_Driver\Src\stm32f1xx_hal_dma.o
LOAD Drivers\STM32F1xx_HAL_Driver\Src\stm32f1xx_hal_flash.o
LOAD Drivers\STM32F1xx_HAL_Driver\Src\stm32f1xx_hal_flash_ex.o
LOAD Drivers\STM32F1xx_HAL_Driver\Src\stm32f1xx_hal_gpio.o
LOAD Drivers\STM32F1xx_HAL_Driver\Src\stm32f1xx_hal_gpio_ex.o
LOAD Drivers\STM32F1xx_HAL_Driver\Src\stm32f1xx_hal_pwr.o
LOAD Drivers\STM32F1xx_HAL_Driver\Src\stm32f1xx_hal_rcc.o
LOAD Drivers\STM32F1xx_HAL_Driver\Src\stm32f1xx_hal_rcc_ex.o
LOAD Drivers\STM32F1xx_HAL_Driver\Src\stm32f1xx_hal_spi.o
LOAD Drivers\STM32F1xx_HAL_Driver\Src\stm32f1xx_hal_spi_ex.o
LOAD Drivers\STM32F1xx_HAL_Driver\Src\stm32f1xx_hal_tim.o
LOAD Drivers\STM32F1xx_HAL_Driver\Src\stm32f1xx_hal_tim_ex.o
LOAD Src\ChrFont0.o
LOAD Src\FillPat.o
LOAD Src\Fonts.o
LOAD Src\OledChar.o
LOAD Src\OledDriver.o
LOAD Src\OledGrph.o
LOAD Src\adc.o
LOAD Src\adtable.o
LOAD Src\gpio.o
LOAD Src\main.o
LOAD Src\spi.o
LOAD Src\stm32f1xx_hal_msp.o
LOAD Src\stm32f1xx_it.o
LOAD Src\system_stm32f1xx.o
LOAD Src\tim.o
LOAD startup\startup_stm32f103xb.o
                0x00000080                malloc_getpagesize_P = 0x80
START GROUP
LOAD c:/program files (x86)/atollic/truestudio for arm 8.0.0/armtools/bin/../lib/gcc/arm-atollic-eabi/6.3.1/../../../../arm-atollic-eabi/lib/armv7-m\libc_nano.a
LOAD c:/program files (x86)/atollic/truestudio for arm 8.0.0/armtools/bin/../lib/gcc/arm-atollic-eabi/6.3.1/../../../../arm-atollic-eabi/lib/armv7-m\libm.a
END GROUP
START GROUP
LOAD c:/program files (x86)/atollic/truestudio for arm 8.0.0/armtools/bin/../lib/gcc/arm-atollic-eabi/6.3.1/armv7-m\libgcc.a
LOAD c:/program files (x86)/atollic/truestudio for arm 8.0.0/armtools/bin/../lib/gcc/arm-atollic-eabi/6.3.1/../../../../arm-atollic-eabi/lib/armv7-m\libc_nano.a
END GROUP
START GROUP
LOAD c:/program files (x86)/atollic/truestudio for arm 8.0.0/armtools/bin/../lib/gcc/arm-atollic-eabi/6.3.1/armv7-m\libgcc.a
LOAD c:/program files (x86)/atollic/truestudio for arm 8.0.0/armtools/bin/../lib/gcc/arm-atollic-eabi/6.3.1/../../../../arm-atollic-eabi/lib/armv7-m\libc_nano.a
LOAD c:/program files (x86)/atollic/truestudio for arm 8.0.0/armtools/bin/../lib/gcc/arm-atollic-eabi/6.3.1/../../../../arm-atollic-eabi/lib/armv7-m\libnosys.a
END GROUP
START GROUP
LOAD c:/program files (x86)/atollic/truestudio for arm 8.0.0/armtools/bin/../lib/gcc/arm-atollic-eabi/6.3.1/armv7-m\libgcc.a
LOAD c:/program files (x86)/atollic/truestudio for arm 8.0.0/armtools/bin/../lib/gcc/arm-atollic-eabi/6.3.1/../../../../arm-atollic-eabi/lib/armv7-m\libc_nano.a
LOAD c:/program files (x86)/atollic/truestudio for arm 8.0.0/armtools/bin/../lib/gcc/arm-atollic-eabi/6.3.1/../../../../arm-atollic-eabi/lib/armv7-m\libnosys.a
END GROUP
LOAD c:/program files (x86)/atollic/truestudio for arm 8.0.0/armtools/bin/../lib/gcc/arm-atollic-eabi/6.3.1/armv7-m/crtend.o
LOAD c:/program files (x86)/atollic/truestudio for arm 8.0.0/armtools/bin/../lib/gcc/arm-atollic-eabi/6.3.1/armv7-m/crtn.o
                0x20005000                _estack = 0x20005000
                0x00000200                _Min_Heap_Size = 0x200
                0x00000400                _Min_Stack_Size = 0x400

.isr_vector     0x08000000      0x10c
                0x08000000                . = ALIGN (0x4)
 *(.isr_vector)
 .isr_vector    0x08000000      0x10c startup\startup_stm32f103xb.o
                0x08000000                g_pfnVectors
                0x0800010c                . = ALIGN (0x4)

.text           0x0800010c     0x3ee4
                0x0800010c                . = ALIGN (0x4)
 *(.text)
 .text          0x0800010c       0x40 c:/program files (x86)/atollic/truestudio for arm 8.0.0/armtools/bin/../lib/gcc/arm-atollic-eabi/6.3.1/armv7-m/crtbegin.o
 *(.text*)
 .text.HAL_Init
                0x0800014c       0x2c Drivers\STM32F1xx_HAL_Driver\Src\stm32f1xx_hal.o
                0x0800014c                HAL_Init
 .text.HAL_InitTick
                0x08000178       0x38 Drivers\STM32F1xx_HAL_Driver\Src\stm32f1xx_hal.o
                0x08000178                HAL_InitTick
 .text.HAL_IncTick
                0x080001b0       0x1c Drivers\STM32F1xx_HAL_Driver\Src\stm32f1xx_hal.o
                0x080001b0                HAL_IncTick
 .text.HAL_GetTick
                0x080001cc       0x14 Drivers\STM32F1xx_HAL_Driver\Src\stm32f1xx_hal.o
                0x080001cc                HAL_GetTick
 .text.HAL_Delay
                0x080001e0       0x3a Drivers\STM32F1xx_HAL_Driver\Src\stm32f1xx_hal.o
                0x080001e0                HAL_Delay
 *fill*         0x0800021a        0x2 
 .text.HAL_ADC_Init
                0x0800021c      0x1b0 Drivers\STM32F1xx_HAL_Driver\Src\stm32f1xx_hal_adc.o
                0x0800021c                HAL_ADC_Init
 .text.HAL_ADC_Start
                0x080003cc      0x15c Drivers\STM32F1xx_HAL_Driver\Src\stm32f1xx_hal_adc.o
                0x080003cc                HAL_ADC_Start
 .text.HAL_ADC_GetValue
                0x08000528       0x18 Drivers\STM32F1xx_HAL_Driver\Src\stm32f1xx_hal_adc.o
                0x08000528                HAL_ADC_GetValue
 .text.HAL_ADC_ConfigChannel
                0x08000540      0x1f0 Drivers\STM32F1xx_HAL_Driver\Src\stm32f1xx_hal_adc.o
                0x08000540                HAL_ADC_ConfigChannel
 .text.ADC_Enable
                0x08000730       0xa4 Drivers\STM32F1xx_HAL_Driver\Src\stm32f1xx_hal_adc.o
                0x08000730                ADC_Enable
 .text.ADC_ConversionStop_Disable
                0x080007d4       0x74 Drivers\STM32F1xx_HAL_Driver\Src\stm32f1xx_hal_adc.o
                0x080007d4                ADC_ConversionStop_Disable
 .text.NVIC_SetPriorityGrouping
                0x08000848       0x48 Drivers\STM32F1xx_HAL_Driver\Src\stm32f1xx_hal_cortex.o
 .text.NVIC_GetPriorityGrouping
                0x08000890       0x1c Drivers\STM32F1xx_HAL_Driver\Src\stm32f1xx_hal_cortex.o
 .text.NVIC_SetPriority
                0x080008ac       0x54 Drivers\STM32F1xx_HAL_Driver\Src\stm32f1xx_hal_cortex.o
 .text.NVIC_EncodePriority
                0x08000900       0x60 Drivers\STM32F1xx_HAL_Driver\Src\stm32f1xx_hal_cortex.o
 .text.SysTick_Config
                0x08000960       0x44 Drivers\STM32F1xx_HAL_Driver\Src\stm32f1xx_hal_cortex.o
 .text.HAL_NVIC_SetPriorityGrouping
                0x080009a4       0x16 Drivers\STM32F1xx_HAL_Driver\Src\stm32f1xx_hal_cortex.o
                0x080009a4                HAL_NVIC_SetPriorityGrouping
 .text.HAL_NVIC_SetPriority
                0x080009ba       0x38 Drivers\STM32F1xx_HAL_Driver\Src\stm32f1xx_hal_cortex.o
                0x080009ba                HAL_NVIC_SetPriority
 .text.HAL_SYSTICK_Config
                0x080009f2       0x18 Drivers\STM32F1xx_HAL_Driver\Src\stm32f1xx_hal_cortex.o
                0x080009f2                HAL_SYSTICK_Config
 *fill*         0x08000a0a        0x2 
 .text.HAL_SYSTICK_CLKSourceConfig
                0x08000a0c       0x38 Drivers\STM32F1xx_HAL_Driver\Src\stm32f1xx_hal_cortex.o
                0x08000a0c                HAL_SYSTICK_CLKSourceConfig
 .text.HAL_SYSTICK_IRQHandler
                0x08000a44        0xc Drivers\STM32F1xx_HAL_Driver\Src\stm32f1xx_hal_cortex.o
                0x08000a44                HAL_SYSTICK_IRQHandler
 .text.HAL_SYSTICK_Callback
                0x08000a50        0xc Drivers\STM32F1xx_HAL_Driver\Src\stm32f1xx_hal_cortex.o
                0x08000a50                HAL_SYSTICK_Callback
 .text.HAL_GPIO_Init
                0x08000a5c      0x2bc Drivers\STM32F1xx_HAL_Driver\Src\stm32f1xx_hal_gpio.o
                0x08000a5c                HAL_GPIO_Init
 .text.HAL_GPIO_ReadPin
                0x08000d18       0x2e Drivers\STM32F1xx_HAL_Driver\Src\stm32f1xx_hal_gpio.o
                0x08000d18                HAL_GPIO_ReadPin
 .text.HAL_GPIO_WritePin
                0x08000d46       0x30 Drivers\STM32F1xx_HAL_Driver\Src\stm32f1xx_hal_gpio.o
                0x08000d46                HAL_GPIO_WritePin
 *fill*         0x08000d76        0x2 
 .text.HAL_RCC_OscConfig
                0x08000d78      0x4c8 Drivers\STM32F1xx_HAL_Driver\Src\stm32f1xx_hal_rcc.o
                0x08000d78                HAL_RCC_OscConfig
 .text.HAL_RCC_ClockConfig
                0x08001240      0x1e8 Drivers\STM32F1xx_HAL_Driver\Src\stm32f1xx_hal_rcc.o
                0x08001240                HAL_RCC_ClockConfig
 .text.HAL_RCC_GetSysClockFreq
                0x08001428       0xc4 Drivers\STM32F1xx_HAL_Driver\Src\stm32f1xx_hal_rcc.o
                0x08001428                HAL_RCC_GetSysClockFreq
 .text.HAL_RCC_GetHCLKFreq
                0x080014ec       0x14 Drivers\STM32F1xx_HAL_Driver\Src\stm32f1xx_hal_rcc.o
                0x080014ec                HAL_RCC_GetHCLKFreq
 .text.RCC_Delay
                0x08001500       0x3c Drivers\STM32F1xx_HAL_Driver\Src\stm32f1xx_hal_rcc.o
 .text.HAL_RCCEx_PeriphCLKConfig
                0x0800153c      0x16c Drivers\STM32F1xx_HAL_Driver\Src\stm32f1xx_hal_rcc_ex.o
                0x0800153c                HAL_RCCEx_PeriphCLKConfig
 .text.HAL_SPI_Transmit
                0x080016a8      0x276 Drivers\STM32F1xx_HAL_Driver\Src\stm32f1xx_hal_spi.o
                0x080016a8                HAL_SPI_Transmit
 .text.SPI_WaitFlagStateUntilTimeout
                0x0800191e       0xd2 Drivers\STM32F1xx_HAL_Driver\Src\stm32f1xx_hal_spi.o
 .text.SPI_CheckFlag_BSY
                0x080019f0       0x3c Drivers\STM32F1xx_HAL_Driver\Src\stm32f1xx_hal_spi.o
 .text.HAL_SPI_Init
                0x08001a2c       0xc8 Drivers\STM32F1xx_HAL_Driver\Src\stm32f1xx_hal_spi_ex.o
                0x08001a2c                HAL_SPI_Init
 .text.HAL_TIM_PWM_Init
                0x08001af4       0x56 Drivers\STM32F1xx_HAL_Driver\Src\stm32f1xx_hal_tim.o
                0x08001af4                HAL_TIM_PWM_Init
 *fill*         0x08001b4a        0x2 
 .text.HAL_TIM_PWM_Start
                0x08001b4c       0x50 Drivers\STM32F1xx_HAL_Driver\Src\stm32f1xx_hal_tim.o
                0x08001b4c                HAL_TIM_PWM_Start
 .text.HAL_TIM_PWM_ConfigChannel
                0x08001b9c      0x18c Drivers\STM32F1xx_HAL_Driver\Src\stm32f1xx_hal_tim.o
                0x08001b9c                HAL_TIM_PWM_ConfigChannel
 .text.TIM_Base_SetConfig
                0x08001d28       0xcc Drivers\STM32F1xx_HAL_Driver\Src\stm32f1xx_hal_tim.o
                0x08001d28                TIM_Base_SetConfig
 .text.TIM_OC1_SetConfig
                0x08001df4       0xd8 Drivers\STM32F1xx_HAL_Driver\Src\stm32f1xx_hal_tim.o
 .text.TIM_OC2_SetConfig
                0x08001ecc       0xe0 Drivers\STM32F1xx_HAL_Driver\Src\stm32f1xx_hal_tim.o
                0x08001ecc                TIM_OC2_SetConfig
 .text.TIM_OC3_SetConfig
                0x08001fac       0xe0 Drivers\STM32F1xx_HAL_Driver\Src\stm32f1xx_hal_tim.o
 .text.TIM_OC4_SetConfig
                0x0800208c       0xa8 Drivers\STM32F1xx_HAL_Driver\Src\stm32f1xx_hal_tim.o
 .text.TIM_CCxChannelCmd
                0x08002134       0x44 Drivers\STM32F1xx_HAL_Driver\Src\stm32f1xx_hal_tim.o
                0x08002134                TIM_CCxChannelCmd
 .text.HAL_TIMEx_ConfigBreakDeadTime
                0x08002178       0xb0 Drivers\STM32F1xx_HAL_Driver\Src\stm32f1xx_hal_tim_ex.o
                0x08002178                HAL_TIMEx_ConfigBreakDeadTime
 .text.HAL_TIMEx_MasterConfigSynchronization
                0x08002228       0x88 Drivers\STM32F1xx_HAL_Driver\Src\stm32f1xx_hal_tim_ex.o
                0x08002228                HAL_TIMEx_MasterConfigSynchronization
 .text.OledSetCursor
                0x080022b0       0x74 Src\OledChar.o
                0x080022b0                OledSetCursor
 .text.OledPutString
                0x08002324       0x40 Src\OledChar.o
                0x08002324                OledPutString
 .text.OledDrawGlyph
                0x08002364       0x84 Src\OledChar.o
                0x08002364                OledDrawGlyph
 .text.OledAdvanceCursor
                0x080023e8       0x60 Src\OledChar.o
                0x080023e8                OledAdvanceCursor
 .text.OledInit
                0x08002448       0x18 Src\OledDriver.o
                0x08002448                OledInit
 .text.OledHostInit
                0x08002460       0x44 Src\OledDriver.o
                0x08002460                OledHostInit
 .text.OledDvrInit
                0x080024a4       0xb0 Src\OledDriver.o
                0x080024a4                OledDvrInit
 .text.OledDevInit
                0x08002554       0x86 Src\OledDriver.o
                0x08002554                OledDevInit
 .text.OledClear
                0x080025da       0x10 Src\OledDriver.o
                0x080025da                OledClear
 *fill*         0x080025ea        0x2 
 .text.OledClearBuffer
                0x080025ec       0x38 Src\OledDriver.o
                0x080025ec                OledClearBuffer
 .text.OledUpdate
                0x08002624       0x6c Src\OledDriver.o
                0x08002624                OledUpdate
 .text.OledPutBuffer
                0x08002690       0x40 Src\OledDriver.o
                0x08002690                OledPutBuffer
 .text.Spi2PutByte
                0x080026d0       0x28 Src\OledDriver.o
                0x080026d0                Spi2PutByte
 .text.digitalWrite
                0x080026f8       0x28 Src\OledDriver.o
                0x080026f8                digitalWrite
 .text.OledMoveTo
                0x08002720       0x64 Src\OledGrph.o
                0x08002720                OledMoveTo
 .text.OledSetDrawMode
                0x08002784       0x7c Src\OledGrph.o
                0x08002784                OledSetDrawMode
 .text.OledRopSet
                0x08002800       0x3c Src\OledGrph.o
                0x08002800                OledRopSet
 .text.OledRopOr
                0x0800283c       0x2a Src\OledGrph.o
                0x0800283c                OledRopOr
 .text.OledRopAnd
                0x08002866       0x2a Src\OledGrph.o
                0x08002866                OledRopAnd
 .text.OledRopXor
                0x08002890       0x2a Src\OledGrph.o
                0x08002890                OledRopXor
 .text.OledClampXco
                0x080028ba       0x28 Src\OledGrph.o
                0x080028ba                OledClampXco
 .text.OledClampYco
                0x080028e2       0x28 Src\OledGrph.o
                0x080028e2                OledClampYco
 *fill*         0x0800290a        0x2 
 .text.MX_ADC1_Init
                0x0800290c       0x80 Src\adc.o
                0x0800290c                MX_ADC1_Init
 .text.HAL_ADC_MspInit
                0x0800298c       0x54 Src\adc.o
                0x0800298c                HAL_ADC_MspInit
 .text.MX_GPIO_Init
                0x080029e0       0xe0 Src\gpio.o
                0x080029e0                MX_GPIO_Init
 .text.main     0x08002ac0      0x60c Src\main.o
                0x08002ac0                main
 .text.SystemClock_Config
                0x080030cc       0xb8 Src\main.o
                0x080030cc                SystemClock_Config
 .text._Error_Handler
                0x08003184        0xc Src\main.o
                0x08003184                _Error_Handler
 .text.MX_SPI1_Init
                0x08003190       0x74 Src\spi.o
                0x08003190                MX_SPI1_Init
 .text.HAL_SPI_MspInit
                0x08003204       0x58 Src\spi.o
                0x08003204                HAL_SPI_MspInit
 .text.HAL_MspInit
                0x0800325c       0xa0 Src\stm32f1xx_hal_msp.o
                0x0800325c                HAL_MspInit
 .text.NMI_Handler
                0x080032fc        0xc Src\stm32f1xx_it.o
                0x080032fc                NMI_Handler
 .text.HardFault_Handler
                0x08003308        0x6 Src\stm32f1xx_it.o
                0x08003308                HardFault_Handler
 .text.MemManage_Handler
                0x0800330e        0x6 Src\stm32f1xx_it.o
                0x0800330e                MemManage_Handler
 .text.BusFault_Handler
                0x08003314        0x6 Src\stm32f1xx_it.o
                0x08003314                BusFault_Handler
 .text.UsageFault_Handler
                0x0800331a        0x6 Src\stm32f1xx_it.o
                0x0800331a                UsageFault_Handler
 .text.SVC_Handler
                0x08003320        0xc Src\stm32f1xx_it.o
                0x08003320                SVC_Handler
 .text.DebugMon_Handler
                0x0800332c        0xc Src\stm32f1xx_it.o
                0x0800332c                DebugMon_Handler
 .text.PendSV_Handler
                0x08003338        0xc Src\stm32f1xx_it.o
                0x08003338                PendSV_Handler
 .text.SysTick_Handler
                0x08003344       0x10 Src\stm32f1xx_it.o
                0x08003344                SysTick_Handler
 .text.SystemInit
                0x08003354       0x68 Src\system_stm32f1xx.o
                0x08003354                SystemInit
 .text.MX_TIM1_Init
                0x080033bc      0x128 Src\tim.o
                0x080033bc                MX_TIM1_Init
 .text.HAL_TIM_PWM_MspInit
                0x080034e4       0x3c Src\tim.o
                0x080034e4                HAL_TIM_PWM_MspInit
 .text.HAL_TIM_MspPostInit
                0x08003520       0x3c Src\tim.o
                0x08003520                HAL_TIM_MspPostInit
 .text.Reset_Handler
                0x0800355c       0x48 startup\startup_stm32f103xb.o
                0x0800355c                Reset_Handler
 .text.Default_Handler
                0x080035a4        0x2 startup\startup_stm32f103xb.o
                0x080035a4                RTC_Alarm_IRQHandler
                0x080035a4                EXTI2_IRQHandler
                0x080035a4                TIM1_CC_IRQHandler
                0x080035a4                PVD_IRQHandler
                0x080035a4                EXTI3_IRQHandler
                0x080035a4                EXTI0_IRQHandler
                0x080035a4                I2C2_EV_IRQHandler
                0x080035a4                ADC1_2_IRQHandler
                0x080035a4                SPI1_IRQHandler
                0x080035a4                TAMPER_IRQHandler
                0x080035a4                DMA1_Channel4_IRQHandler
                0x080035a4                USART3_IRQHandler
                0x080035a4                RTC_IRQHandler
                0x080035a4                DMA1_Channel7_IRQHandler
                0x080035a4                CAN1_RX1_IRQHandler
                0x080035a4                TIM4_IRQHandler
                0x080035a4                I2C1_EV_IRQHandler
                0x080035a4                DMA1_Channel6_IRQHandler
                0x080035a4                TIM3_IRQHandler
                0x080035a4                RCC_IRQHandler
                0x080035a4                TIM1_TRG_COM_IRQHandler
                0x080035a4                DMA1_Channel1_IRQHandler
                0x080035a4                Default_Handler
                0x080035a4                EXTI15_10_IRQHandler
                0x080035a4                EXTI9_5_IRQHandler
                0x080035a4                SPI2_IRQHandler
                0x080035a4                DMA1_Channel5_IRQHandler
                0x080035a4                EXTI4_IRQHandler
                0x080035a4                USB_LP_CAN1_RX0_IRQHandler
                0x080035a4                USB_HP_CAN1_TX_IRQHandler
                0x080035a4                DMA1_Channel3_IRQHandler
                0x080035a4                TIM1_UP_IRQHandler
                0x080035a4                WWDG_IRQHandler
                0x080035a4                TIM2_IRQHandler
                0x080035a4                TIM1_BRK_IRQHandler
                0x080035a4                EXTI1_IRQHandler
                0x080035a4                USART2_IRQHandler
                0x080035a4                I2C2_ER_IRQHandler
                0x080035a4                DMA1_Channel2_IRQHandler
                0x080035a4                CAN1_SCE_IRQHandler
                0x080035a4                FLASH_IRQHandler
                0x080035a4                USART1_IRQHandler
                0x080035a4                I2C1_ER_IRQHandler
                0x080035a4                USBWakeUp_IRQHandler
 .text.atoi     0x080035a6        0x8 c:/program files (x86)/atollic/truestudio for arm 8.0.0/armtools/bin/../lib/gcc/arm-atollic-eabi/6.3.1/../../../../arm-atollic-eabi/lib/armv7-m\libc_nano.a(lib_a-atoi.o)
                0x080035a6                atoi
 *fill*         0x080035ae        0x2 
 .text.__libc_init_array
                0x080035b0       0x48 c:/program files (x86)/atollic/truestudio for arm 8.0.0/armtools/bin/../lib/gcc/arm-atollic-eabi/6.3.1/../../../../arm-atollic-eabi/lib/armv7-m\libc_nano.a(lib_a-init.o)
                0x080035b0                __libc_init_array
 .text.sprintf  0x080035f8       0x48 c:/program files (x86)/atollic/truestudio for arm 8.0.0/armtools/bin/../lib/gcc/arm-atollic-eabi/6.3.1/../../../../arm-atollic-eabi/lib/armv7-m\libc_nano.a(lib_a-sprintf.o)
                0x080035f8                siprintf
                0x080035f8                sprintf
 .text._strtol_l.isra.0
                0x08003640      0x100 c:/program files (x86)/atollic/truestudio for arm 8.0.0/armtools/bin/../lib/gcc/arm-atollic-eabi/6.3.1/../../../../arm-atollic-eabi/lib/armv7-m\libc_nano.a(lib_a-strtol.o)
 .text.strtol   0x08003740       0x2c c:/program files (x86)/atollic/truestudio for arm 8.0.0/armtools/bin/../lib/gcc/arm-atollic-eabi/6.3.1/../../../../arm-atollic-eabi/lib/armv7-m\libc_nano.a(lib_a-strtol.o)
                0x08003740                strtol
 .text.__locale_ctype_ptr_l
                0x0800376c        0x6 c:/program files (x86)/atollic/truestudio for arm 8.0.0/armtools/bin/../lib/gcc/arm-atollic-eabi/6.3.1/../../../../arm-atollic-eabi/lib/armv7-m\libc_nano.a(lib_a-locale.o)
                0x0800376c                __locale_ctype_ptr_l
 .text.__ascii_mbtowc
                0x08003772       0x24 c:/program files (x86)/atollic/truestudio for arm 8.0.0/armtools/bin/../lib/gcc/arm-atollic-eabi/6.3.1/../../../../arm-atollic-eabi/lib/armv7-m\libc_nano.a(lib_a-mbtowc_r.o)
                0x08003772                __ascii_mbtowc
 .text.__ssputs_r
                0x08003796       0xb6 c:/program files (x86)/atollic/truestudio for arm 8.0.0/armtools/bin/../lib/gcc/arm-atollic-eabi/6.3.1/../../../../arm-atollic-eabi/lib/armv7-m\libc_nano.a(lib_a-nano-svfprintf.o)
                0x08003796                __ssputs_r
 .text._svfprintf_r
                0x0800384c      0x1e8 c:/program files (x86)/atollic/truestudio for arm 8.0.0/armtools/bin/../lib/gcc/arm-atollic-eabi/6.3.1/../../../../arm-atollic-eabi/lib/armv7-m\libc_nano.a(lib_a-nano-svfprintf.o)
                0x0800384c                _svfiprintf_r
                0x0800384c                _svfprintf_r
 .text._printf_common
                0x08003a34       0xee c:/program files (x86)/atollic/truestudio for arm 8.0.0/armtools/bin/../lib/gcc/arm-atollic-eabi/6.3.1/../../../../arm-atollic-eabi/lib/armv7-m\libc_nano.a(lib_a-nano-vfprintf_i.o)
                0x08003a34                _printf_common
 *fill*         0x08003b22        0x2 
 .text._printf_i
                0x08003b24      0x240 c:/program files (x86)/atollic/truestudio for arm 8.0.0/armtools/bin/../lib/gcc/arm-atollic-eabi/6.3.1/../../../../arm-atollic-eabi/lib/armv7-m\libc_nano.a(lib_a-nano-vfprintf_i.o)
                0x08003b24                _printf_i
 .text.__ascii_wctomb
                0x08003d64       0x1a c:/program files (x86)/atollic/truestudio for arm 8.0.0/armtools/bin/../lib/gcc/arm-atollic-eabi/6.3.1/../../../../arm-atollic-eabi/lib/armv7-m\libc_nano.a(lib_a-wctomb_r.o)
                0x08003d64                __ascii_wctomb
 .text.memchr   0x08003d7e       0x1c c:/program files (x86)/atollic/truestudio for arm 8.0.0/armtools/bin/../lib/gcc/arm-atollic-eabi/6.3.1/../../../../arm-atollic-eabi/lib/armv7-m\libc_nano.a(lib_a-memchr-stub.o)
                0x08003d7e                memchr
 .text.memcpy   0x08003d9a       0x16 c:/program files (x86)/atollic/truestudio for arm 8.0.0/armtools/bin/../lib/gcc/arm-atollic-eabi/6.3.1/../../../../arm-atollic-eabi/lib/armv7-m\libc_nano.a(lib_a-memcpy-stub.o)
                0x08003d9a                memcpy
 .text.memmove  0x08003db0       0x34 c:/program files (x86)/atollic/truestudio for arm 8.0.0/armtools/bin/../lib/gcc/arm-atollic-eabi/6.3.1/../../../../arm-atollic-eabi/lib/armv7-m\libc_nano.a(lib_a-memmove.o)
                0x08003db0                memmove
 .text._free_r  0x08003de4       0x98 c:/program files (x86)/atollic/truestudio for arm 8.0.0/armtools/bin/../lib/gcc/arm-atollic-eabi/6.3.1/../../../../arm-atollic-eabi/lib/armv7-m\libc_nano.a(lib_a-nano-freer.o)
                0x08003de4                _free_r
 .text._malloc_r
                0x08003e7c       0xbc c:/program files (x86)/atollic/truestudio for arm 8.0.0/armtools/bin/../lib/gcc/arm-atollic-eabi/6.3.1/../../../../arm-atollic-eabi/lib/armv7-m\libc_nano.a(lib_a-nano-mallocr.o)
                0x08003e7c                _malloc_r
 .text._realloc_r
                0x08003f38       0x4c c:/program files (x86)/atollic/truestudio for arm 8.0.0/armtools/bin/../lib/gcc/arm-atollic-eabi/6.3.1/../../../../arm-atollic-eabi/lib/armv7-m\libc_nano.a(lib_a-nano-reallocr.o)
                0x08003f38                _realloc_r
 .text._sbrk_r  0x08003f84       0x20 c:/program files (x86)/atollic/truestudio for arm 8.0.0/armtools/bin/../lib/gcc/arm-atollic-eabi/6.3.1/../../../../arm-atollic-eabi/lib/armv7-m\libc_nano.a(lib_a-sbrkr.o)
                0x08003f84                _sbrk_r
 .text.__malloc_lock
                0x08003fa4        0x2 c:/program files (x86)/atollic/truestudio for arm 8.0.0/armtools/bin/../lib/gcc/arm-atollic-eabi/6.3.1/../../../../arm-atollic-eabi/lib/armv7-m\libc_nano.a(lib_a-mlock.o)
                0x08003fa4                __malloc_lock
 .text.__malloc_unlock
                0x08003fa6        0x2 c:/program files (x86)/atollic/truestudio for arm 8.0.0/armtools/bin/../lib/gcc/arm-atollic-eabi/6.3.1/../../../../arm-atollic-eabi/lib/armv7-m\libc_nano.a(lib_a-mlock.o)
                0x08003fa6                __malloc_unlock
 .text._malloc_usable_size_r
                0x08003fa8       0x12 c:/program files (x86)/atollic/truestudio for arm 8.0.0/armtools/bin/../lib/gcc/arm-atollic-eabi/6.3.1/../../../../arm-atollic-eabi/lib/armv7-m\libc_nano.a(lib_a-nano-msizer.o)
                0x08003fa8                _malloc_usable_size_r
 *fill*         0x08003fba        0x2 
 .text._sbrk    0x08003fbc       0x1c c:/program files (x86)/atollic/truestudio for arm 8.0.0/armtools/bin/../lib/gcc/arm-atollic-eabi/6.3.1/../../../../arm-atollic-eabi/lib/armv7-m\libnosys.a(sbrk.o)
                0x08003fbc                _sbrk
 *(.glue_7)
 .glue_7        0x08003fd8        0x0 linker stubs
 *(.glue_7t)
 .glue_7t       0x08003fd8        0x0 linker stubs
 *(.eh_frame)
 .eh_frame      0x08003fd8        0x0 c:/program files (x86)/atollic/truestudio for arm 8.0.0/armtools/bin/../lib/gcc/arm-atollic-eabi/6.3.1/armv7-m/crtbegin.o
 *(.init)
 .init          0x08003fd8        0x4 c:/program files (x86)/atollic/truestudio for arm 8.0.0/armtools/bin/../lib/gcc/arm-atollic-eabi/6.3.1/armv7-m/crti.o
                0x08003fd8                _init
 .init          0x08003fdc        0x8 c:/program files (x86)/atollic/truestudio for arm 8.0.0/armtools/bin/../lib/gcc/arm-atollic-eabi/6.3.1/armv7-m/crtn.o
 *(.fini)
 .fini          0x08003fe4        0x4 c:/program files (x86)/atollic/truestudio for arm 8.0.0/armtools/bin/../lib/gcc/arm-atollic-eabi/6.3.1/armv7-m/crti.o
                0x08003fe4                _fini
 .fini          0x08003fe8        0x8 c:/program files (x86)/atollic/truestudio for arm 8.0.0/armtools/bin/../lib/gcc/arm-atollic-eabi/6.3.1/armv7-m/crtn.o
                0x08003ff0                . = ALIGN (0x4)
                0x08003ff0                _etext = .

.vfp11_veneer   0x08003ff0        0x0
 .vfp11_veneer  0x08003ff0        0x0 linker stubs

.v4_bx          0x08003ff0        0x0
 .v4_bx         0x08003ff0        0x0 linker stubs

.iplt           0x08003ff0        0x0
 .iplt          0x08003ff0        0x0 c:/program files (x86)/atollic/truestudio for arm 8.0.0/armtools/bin/../lib/gcc/arm-atollic-eabi/6.3.1/armv7-m/crtbegin.o

.rodata         0x08003ff0     0x5540
                0x08003ff0                . = ALIGN (0x4)
 *(.rodata)
 .rodata        0x08003ff0       0x12 Drivers\STM32F1xx_HAL_Driver\Src\stm32f1xx_hal_rcc.o
 *fill*         0x08004002        0x2 
 .rodata        0x08004004        0xd Src\adc.o
 *fill*         0x08004011        0x3 
 .rodata        0x08004014       0x6a Src\main.o
 *fill*         0x0800407e        0x2 
 .rodata        0x08004080        0xd Src\spi.o
 *fill*         0x0800408d        0x3 
 .rodata        0x08004090        0xd Src\tim.o
 *(.rodata*)
 *fill*         0x0800409d        0x3 
 .rodata.rgbOledFont0
                0x080040a0      0x300 Src\ChrFont0.o
                0x080040a0                rgbOledFont0
 .rodata.rgbFillPat
                0x080043a0       0x40 Src\FillPat.o
                0x080043a0                rgbFillPat
 .rodata.tabelaad
                0x080043e0     0x5000 Src\adtable.o
                0x080043e0                tabelaad
 .rodata.AHBPrescTable
                0x080093e0       0x10 Src\system_stm32f1xx.o
                0x080093e0                AHBPrescTable
 .rodata._setlocale_r.str1.1
                0x080093f0        0x8 c:/program files (x86)/atollic/truestudio for arm 8.0.0/armtools/bin/../lib/gcc/arm-atollic-eabi/6.3.1/../../../../arm-atollic-eabi/lib/armv7-m\libc_nano.a(lib_a-locale.o)
                                  0x9 (size before relaxing)
 .rodata.str1.1
                0x080093f8        0x2 c:/program files (x86)/atollic/truestudio for arm 8.0.0/armtools/bin/../lib/gcc/arm-atollic-eabi/6.3.1/../../../../arm-atollic-eabi/lib/armv7-m\libc_nano.a(lib_a-locale.o)
 .rodata._svfprintf_r.str1.1
                0x080093fa       0x11 c:/program files (x86)/atollic/truestudio for arm 8.0.0/armtools/bin/../lib/gcc/arm-atollic-eabi/6.3.1/../../../../arm-atollic-eabi/lib/armv7-m\libc_nano.a(lib_a-nano-svfprintf.o)
 .rodata._printf_i.str1.1
                0x0800940b       0x22 c:/program files (x86)/atollic/truestudio for arm 8.0.0/armtools/bin/../lib/gcc/arm-atollic-eabi/6.3.1/../../../../arm-atollic-eabi/lib/armv7-m\libc_nano.a(lib_a-nano-vfprintf_i.o)
 .rodata._ctype_
                0x0800942d      0x101 c:/program files (x86)/atollic/truestudio for arm 8.0.0/armtools/bin/../lib/gcc/arm-atollic-eabi/6.3.1/../../../../arm-atollic-eabi/lib/armv7-m\libc_nano.a(lib_a-ctype_.o)
                0x0800942d                _ctype_
                0x08009530                . = ALIGN (0x4)
 *fill*         0x0800952e        0x2 

.rel.dyn        0x08009530        0x0
 .rel.iplt      0x08009530        0x0 c:/program files (x86)/atollic/truestudio for arm 8.0.0/armtools/bin/../lib/gcc/arm-atollic-eabi/6.3.1/armv7-m/crtbegin.o

.ARM.extab
 *(.ARM.extab* .gnu.linkonce.armextab.*)

.ARM            0x08009530        0x0
                0x08009530                __exidx_start = .
 *(.ARM.exidx*)
                0x08009530                __exidx_end = .

.preinit_array  0x08009530        0x0
                0x08009530                PROVIDE (__preinit_array_start, .)
 *(.preinit_array*)
                0x08009530                PROVIDE (__preinit_array_end, .)

.init_array     0x08009530        0x4
                0x08009530                PROVIDE (__init_array_start, .)
 *(SORT(.init_array.*))
 *(.init_array*)
 .init_array    0x08009530        0x4 c:/program files (x86)/atollic/truestudio for arm 8.0.0/armtools/bin/../lib/gcc/arm-atollic-eabi/6.3.1/armv7-m/crtbegin.o
                0x08009534                PROVIDE (__init_array_end, .)

.fini_array     0x08009534        0x4
                [!provide]                PROVIDE (__fini_array_start, .)
 *(SORT(.fini_array.*))
 *(.fini_array*)
 .fini_array    0x08009534        0x4 c:/program files (x86)/atollic/truestudio for arm 8.0.0/armtools/bin/../lib/gcc/arm-atollic-eabi/6.3.1/armv7-m/crtbegin.o
                [!provide]                PROVIDE (__fini_array_end, .)
                0x08009538                _sidata = LOADADDR (.data)

.data           0x20000000      0x1d8 load address 0x08009538
                0x20000000                . = ALIGN (0x4)
                0x20000000                _sdata = .
 *(.data)
 *(.data*)
 .data.R_fixa   0x20000000        0x4 Src\main.o
                0x20000000                R_fixa
 .data.SystemCoreClock
                0x20000004        0x4 Src\system_stm32f1xx.o
                0x20000004                SystemCoreClock
 .data._impure_ptr
                0x20000008        0x4 c:/program files (x86)/atollic/truestudio for arm 8.0.0/armtools/bin/../lib/gcc/arm-atollic-eabi/6.3.1/../../../../arm-atollic-eabi/lib/armv7-m\libc_nano.a(lib_a-impure.o)
                0x20000008                _impure_ptr
 .data.impure_data
                0x2000000c       0x60 c:/program files (x86)/atollic/truestudio for arm 8.0.0/armtools/bin/../lib/gcc/arm-atollic-eabi/6.3.1/../../../../arm-atollic-eabi/lib/armv7-m\libc_nano.a(lib_a-impure.o)
 .data.__global_locale
                0x2000006c      0x16c c:/program files (x86)/atollic/truestudio for arm 8.0.0/armtools/bin/../lib/gcc/arm-atollic-eabi/6.3.1/../../../../arm-atollic-eabi/lib/armv7-m\libc_nano.a(lib_a-locale.o)
                0x2000006c                __global_locale
                0x200001d8                . = ALIGN (0x4)
                0x200001d8                _edata = .

.igot.plt       0x200001d8        0x0 load address 0x08009710
 .igot.plt      0x200001d8        0x0 c:/program files (x86)/atollic/truestudio for arm 8.0.0/armtools/bin/../lib/gcc/arm-atollic-eabi/6.3.1/armv7-m/crtbegin.o
                0x200001d8                . = ALIGN (0x4)

.bss            0x200001d8      0x45c load address 0x08009710
                0x200001d8                _sbss = .
                0x200001d8                __bss_start__ = _sbss
 *(.bss)
 .bss           0x200001d8       0x1c c:/program files (x86)/atollic/truestudio for arm 8.0.0/armtools/bin/../lib/gcc/arm-atollic-eabi/6.3.1/armv7-m/crtbegin.o
 *(.bss*)
 .bss.leitura   0x200001f4        0x4 Src\main.o
                0x200001f4                leitura
 .bss.__malloc_free_list
                0x200001f8        0x4 c:/program files (x86)/atollic/truestudio for arm 8.0.0/armtools/bin/../lib/gcc/arm-atollic-eabi/6.3.1/../../../../arm-atollic-eabi/lib/armv7-m\libc_nano.a(lib_a-nano-mallocr.o)
                0x200001f8                __malloc_free_list
 .bss.__malloc_sbrk_start
                0x200001fc        0x4 c:/program files (x86)/atollic/truestudio for arm 8.0.0/armtools/bin/../lib/gcc/arm-atollic-eabi/6.3.1/../../../../arm-atollic-eabi/lib/armv7-m\libc_nano.a(lib_a-nano-mallocr.o)
                0x200001fc                __malloc_sbrk_start
 .bss.heap_end.4116
                0x20000200        0x4 c:/program files (x86)/atollic/truestudio for arm 8.0.0/armtools/bin/../lib/gcc/arm-atollic-eabi/6.3.1/../../../../arm-atollic-eabi/lib/armv7-m\libnosys.a(sbrk.o)
 *(COMMON)
 COMMON         0x20000204        0x4 Drivers\STM32F1xx_HAL_Driver\Src\stm32f1xx_hal.o
                0x20000204                uwTick
 COMMON         0x20000208      0x114 Src\OledChar.o
                0x20000208                xchOledMax
                0x2000020c                xchOledCur
                0x20000210                ychOledCur
                0x20000214                rgbOledFontUser
                0x20000314                pbOledFontExt
                0x20000318                ychOledMax
 COMMON         0x2000031c      0x22c Src\OledDriver.o
                0x2000031c                ycoOledCur
                0x20000320                rgbOledBmp
                0x20000520                xcoOledCur
                0x20000524                pbOledCur
                0x20000528                pbOledPatCur
                0x2000052c                pbOledFontCur
                0x20000530                dycoOledFontCur
                0x20000534                dxcoOledFontCur
                0x20000538                fOledCharUpdate
                0x2000053c                clrOledCur
                0x20000540                pbOledFontUser
                0x20000544                bnOledCur
 COMMON         0x20000548        0x8 Src\OledGrph.o
                0x20000548                modOledCur
                0x2000054c                pfnDoRop
 COMMON         0x20000550       0x30 Src\adc.o
                0x20000550                hadc1
 COMMON         0x20000580       0x18 Src\main.o
                0x20000580                string_r
                0x20000594                Vx
 COMMON         0x20000598       0x58 Src\spi.o
                0x20000598                hspi1
 COMMON         0x200005f0       0x40 Src\tim.o
                0x200005f0                htim1
 COMMON         0x20000630        0x4 c:/program files (x86)/atollic/truestudio for arm 8.0.0/armtools/bin/../lib/gcc/arm-atollic-eabi/6.3.1/../../../../arm-atollic-eabi/lib/armv7-m\libc_nano.a(lib_a-reent.o)
                0x20000630                errno
                0x20000634                . = ALIGN (0x4)
                0x20000634                _ebss = .
                0x20000634                __bss_end__ = _ebss

._user_heap_stack
                0x20000634      0x600 load address 0x08009710
                0x20000634                . = ALIGN (0x4)
                0x20000634                PROVIDE (end, .)
                [!provide]                PROVIDE (_end, .)
                0x20000834                . = (. + _Min_Heap_Size)
 *fill*         0x20000634      0x200 
                0x20000c34                . = (. + _Min_Stack_Size)
 *fill*         0x20000834      0x400 
                0x20000c34                . = ALIGN (0x4)

/DISCARD/
 libc.a(*)
 libm.a(*)
 libgcc.a(*)

.ARM.attributes
                0x00000000       0x29
 *(.ARM.attributes)
 .ARM.attributes
                0x00000000       0x1d c:/program files (x86)/atollic/truestudio for arm 8.0.0/armtools/bin/../lib/gcc/arm-atollic-eabi/6.3.1/armv7-m/crti.o
 .ARM.attributes
                0x0000001d       0x2d c:/program files (x86)/atollic/truestudio for arm 8.0.0/armtools/bin/../lib/gcc/arm-atollic-eabi/6.3.1/armv7-m/crtbegin.o
 .ARM.attributes
                0x0000004a       0x33 Drivers\STM32F1xx_HAL_Driver\Src\stm32f1xx_hal.o
 .ARM.attributes
                0x0000007d       0x33 Drivers\STM32F1xx_HAL_Driver\Src\stm32f1xx_hal_adc.o
 .ARM.attributes
                0x000000b0       0x33 Drivers\STM32F1xx_HAL_Driver\Src\stm32f1xx_hal_cortex.o
 .ARM.attributes
                0x000000e3       0x33 Drivers\STM32F1xx_HAL_Driver\Src\stm32f1xx_hal_gpio.o
 .ARM.attributes
                0x00000116       0x33 Drivers\STM32F1xx_HAL_Driver\Src\stm32f1xx_hal_rcc.o
 .ARM.attributes
                0x00000149       0x33 Drivers\STM32F1xx_HAL_Driver\Src\stm32f1xx_hal_rcc_ex.o
 .ARM.attributes
                0x0000017c       0x33 Drivers\STM32F1xx_HAL_Driver\Src\stm32f1xx_hal_spi.o
 .ARM.attributes
                0x000001af       0x33 Drivers\STM32F1xx_HAL_Driver\Src\stm32f1xx_hal_spi_ex.o
 .ARM.attributes
                0x000001e2       0x33 Drivers\STM32F1xx_HAL_Driver\Src\stm32f1xx_hal_tim.o
 .ARM.attributes
                0x00000215       0x33 Drivers\STM32F1xx_HAL_Driver\Src\stm32f1xx_hal_tim_ex.o
 .ARM.attributes
                0x00000248       0x33 Src\ChrFont0.o
 .ARM.attributes
                0x0000027b       0x33 Src\FillPat.o
 .ARM.attributes
                0x000002ae       0x33 Src\OledChar.o
 .ARM.attributes
                0x000002e1       0x33 Src\OledDriver.o
 .ARM.attributes
                0x00000314       0x33 Src\OledGrph.o
 .ARM.attributes
                0x00000347       0x33 Src\adc.o
 .ARM.attributes
                0x0000037a       0x33 Src\adtable.o
 .ARM.attributes
                0x000003ad       0x33 Src\gpio.o
 .ARM.attributes
                0x000003e0       0x33 Src\main.o
 .ARM.attributes
                0x00000413       0x33 Src\spi.o
 .ARM.attributes
                0x00000446       0x33 Src\stm32f1xx_hal_msp.o
 .ARM.attributes
                0x00000479       0x33 Src\stm32f1xx_it.o
 .ARM.attributes
                0x000004ac       0x33 Src\system_stm32f1xx.o
 .ARM.attributes
                0x000004df       0x33 Src\tim.o
 .ARM.attributes
                0x00000512       0x21 startup\startup_stm32f103xb.o
 .ARM.attributes
                0x00000533       0x2d c:/program files (x86)/atollic/truestudio for arm 8.0.0/armtools/bin/../lib/gcc/arm-atollic-eabi/6.3.1/../../../../arm-atollic-eabi/lib/armv7-m\libc_nano.a(lib_a-atoi.o)
 .ARM.attributes
                0x00000560       0x2d c:/program files (x86)/atollic/truestudio for arm 8.0.0/armtools/bin/../lib/gcc/arm-atollic-eabi/6.3.1/../../../../arm-atollic-eabi/lib/armv7-m\libc_nano.a(lib_a-init.o)
 .ARM.attributes
                0x0000058d       0x2d c:/program files (x86)/atollic/truestudio for arm 8.0.0/armtools/bin/../lib/gcc/arm-atollic-eabi/6.3.1/../../../../arm-atollic-eabi/lib/armv7-m\libc_nano.a(lib_a-sprintf.o)
 .ARM.attributes
                0x000005ba       0x2d c:/program files (x86)/atollic/truestudio for arm 8.0.0/armtools/bin/../lib/gcc/arm-atollic-eabi/6.3.1/../../../../arm-atollic-eabi/lib/armv7-m\libc_nano.a(lib_a-strtol.o)
 .ARM.attributes
                0x000005e7       0x2d c:/program files (x86)/atollic/truestudio for arm 8.0.0/armtools/bin/../lib/gcc/arm-atollic-eabi/6.3.1/../../../../arm-atollic-eabi/lib/armv7-m\libc_nano.a(lib_a-impure.o)
 .ARM.attributes
                0x00000614       0x2d c:/program files (x86)/atollic/truestudio for arm 8.0.0/armtools/bin/../lib/gcc/arm-atollic-eabi/6.3.1/../../../../arm-atollic-eabi/lib/armv7-m\libc_nano.a(lib_a-locale.o)
 .ARM.attributes
                0x00000641       0x2d c:/program files (x86)/atollic/truestudio for arm 8.0.0/armtools/bin/../lib/gcc/arm-atollic-eabi/6.3.1/../../../../arm-atollic-eabi/lib/armv7-m\libc_nano.a(lib_a-mbtowc_r.o)
 .ARM.attributes
                0x0000066e       0x2d c:/program files (x86)/atollic/truestudio for arm 8.0.0/armtools/bin/../lib/gcc/arm-atollic-eabi/6.3.1/../../../../arm-atollic-eabi/lib/armv7-m\libc_nano.a(lib_a-nano-svfprintf.o)
 .ARM.attributes
                0x0000069b       0x2d c:/program files (x86)/atollic/truestudio for arm 8.0.0/armtools/bin/../lib/gcc/arm-atollic-eabi/6.3.1/../../../../arm-atollic-eabi/lib/armv7-m\libc_nano.a(lib_a-nano-vfprintf_i.o)
 .ARM.attributes
                0x000006c8       0x2d c:/program files (x86)/atollic/truestudio for arm 8.0.0/armtools/bin/../lib/gcc/arm-atollic-eabi/6.3.1/../../../../arm-atollic-eabi/lib/armv7-m\libc_nano.a(lib_a-wctomb_r.o)
 .ARM.attributes
                0x000006f5       0x2d c:/program files (x86)/atollic/truestudio for arm 8.0.0/armtools/bin/../lib/gcc/arm-atollic-eabi/6.3.1/../../../../arm-atollic-eabi/lib/armv7-m\libc_nano.a(lib_a-ctype_.o)
 .ARM.attributes
                0x00000722       0x2d c:/program files (x86)/atollic/truestudio for arm 8.0.0/armtools/bin/../lib/gcc/arm-atollic-eabi/6.3.1/../../../../arm-atollic-eabi/lib/armv7-m\libc_nano.a(lib_a-memchr-stub.o)
 .ARM.attributes
                0x0000074f       0x2d c:/program files (x86)/atollic/truestudio for arm 8.0.0/armtools/bin/../lib/gcc/arm-atollic-eabi/6.3.1/../../../../arm-atollic-eabi/lib/armv7-m\libc_nano.a(lib_a-memcpy-stub.o)
 .ARM.attributes
                0x0000077c       0x2d c:/program files (x86)/atollic/truestudio for arm 8.0.0/armtools/bin/../lib/gcc/arm-atollic-eabi/6.3.1/../../../../arm-atollic-eabi/lib/armv7-m\libc_nano.a(lib_a-memmove.o)
 .ARM.attributes
                0x000007a9       0x2d c:/program files (x86)/atollic/truestudio for arm 8.0.0/armtools/bin/../lib/gcc/arm-atollic-eabi/6.3.1/../../../../arm-atollic-eabi/lib/armv7-m\libc_nano.a(lib_a-nano-freer.o)
 .ARM.attributes
                0x000007d6       0x2d c:/program files (x86)/atollic/truestudio for arm 8.0.0/armtools/bin/../lib/gcc/arm-atollic-eabi/6.3.1/../../../../arm-atollic-eabi/lib/armv7-m\libc_nano.a(lib_a-nano-mallocr.o)
 .ARM.attributes
                0x00000803       0x2d c:/program files (x86)/atollic/truestudio for arm 8.0.0/armtools/bin/../lib/gcc/arm-atollic-eabi/6.3.1/../../../../arm-atollic-eabi/lib/armv7-m\libc_nano.a(lib_a-nano-reallocr.o)
 .ARM.attributes
                0x00000830       0x2d c:/program files (x86)/atollic/truestudio for arm 8.0.0/armtools/bin/../lib/gcc/arm-atollic-eabi/6.3.1/../../../../arm-atollic-eabi/lib/armv7-m\libc_nano.a(lib_a-sbrkr.o)
 .ARM.attributes
                0x0000085d       0x2d c:/program files (x86)/atollic/truestudio for arm 8.0.0/armtools/bin/../lib/gcc/arm-atollic-eabi/6.3.1/../../../../arm-atollic-eabi/lib/armv7-m\libc_nano.a(lib_a-mlock.o)
 .ARM.attributes
                0x0000088a       0x2d c:/program files (x86)/atollic/truestudio for arm 8.0.0/armtools/bin/../lib/gcc/arm-atollic-eabi/6.3.1/../../../../arm-atollic-eabi/lib/armv7-m\libc_nano.a(lib_a-nano-msizer.o)
 .ARM.attributes
                0x000008b7       0x2d c:/program files (x86)/atollic/truestudio for arm 8.0.0/armtools/bin/../lib/gcc/arm-atollic-eabi/6.3.1/../../../../arm-atollic-eabi/lib/armv7-m\libc_nano.a(lib_a-reent.o)
 .ARM.attributes
                0x000008e4       0x2d c:/program files (x86)/atollic/truestudio for arm 8.0.0/armtools/bin/../lib/gcc/arm-atollic-eabi/6.3.1/../../../../arm-atollic-eabi/lib/armv7-m\libnosys.a(sbrk.o)
 .ARM.attributes
                0x00000911       0x1d c:/program files (x86)/atollic/truestudio for arm 8.0.0/armtools/bin/../lib/gcc/arm-atollic-eabi/6.3.1/armv7-m/crtn.o
OUTPUT(Version 1.0.elf elf32-littlearm)

.debug_info     0x00000000    0x15ff4
 .debug_info    0x00000000      0xe35 Drivers\STM32F1xx_HAL_Driver\Src\stm32f1xx_hal.o
 .debug_info    0x00000e35     0x1419 Drivers\STM32F1xx_HAL_Driver\Src\stm32f1xx_hal_adc.o
 .debug_info    0x0000224e     0x1303 Drivers\STM32F1xx_HAL_Driver\Src\stm32f1xx_hal_cortex.o
 .debug_info    0x00003551      0xe66 Drivers\STM32F1xx_HAL_Driver\Src\stm32f1xx_hal_gpio.o
 .debug_info    0x000043b7      0xfcc Drivers\STM32F1xx_HAL_Driver\Src\stm32f1xx_hal_rcc.o
 .debug_info    0x00005383      0xc04 Drivers\STM32F1xx_HAL_Driver\Src\stm32f1xx_hal_rcc_ex.o
 .debug_info    0x00005f87     0x1c41 Drivers\STM32F1xx_HAL_Driver\Src\stm32f1xx_hal_spi.o
 .debug_info    0x00007bc8      0xdfe Drivers\STM32F1xx_HAL_Driver\Src\stm32f1xx_hal_spi_ex.o
 .debug_info    0x000089c6     0x29cc Drivers\STM32F1xx_HAL_Driver\Src\stm32f1xx_hal_tim.o
 .debug_info    0x0000b392     0x177b Drivers\STM32F1xx_HAL_Driver\Src\stm32f1xx_hal_tim_ex.o
 .debug_info    0x0000cb0d       0x63 Src\ChrFont0.o
 .debug_info    0x0000cb70       0x62 Src\FillPat.o
 .debug_info    0x0000cbd2      0x2ec Src\OledChar.o
 .debug_info    0x0000cebe     0x1195 Src\OledDriver.o
 .debug_info    0x0000e053      0x8ae Src\OledGrph.o
 .debug_info    0x0000e901      0xf8b Src\adc.o
 .debug_info    0x0000f88c       0x5e Src\adtable.o
 .debug_info    0x0000f8ea      0xb3b Src\gpio.o
 .debug_info    0x00010425     0x1907 Src\main.o
 .debug_info    0x00011d2c      0xfae Src\spi.o
 .debug_info    0x00012cda      0xba6 Src\stm32f1xx_hal_msp.o
 .debug_info    0x00013880      0x9c8 Src\stm32f1xx_it.o
 .debug_info    0x00014248      0xc04 Src\system_stm32f1xx.o
 .debug_info    0x00014e4c     0x111b Src\tim.o
 .debug_info    0x00015f67       0x8d startup\startup_stm32f103xb.o

.debug_abbrev   0x00000000     0x2f77
 .debug_abbrev  0x00000000      0x28f Drivers\STM32F1xx_HAL_Driver\Src\stm32f1xx_hal.o
 .debug_abbrev  0x0000028f      0x232 Drivers\STM32F1xx_HAL_Driver\Src\stm32f1xx_hal_adc.o
 .debug_abbrev  0x000004c1      0x368 Drivers\STM32F1xx_HAL_Driver\Src\stm32f1xx_hal_cortex.o
 .debug_abbrev  0x00000829      0x24c Drivers\STM32F1xx_HAL_Driver\Src\stm32f1xx_hal_gpio.o
 .debug_abbrev  0x00000a75      0x2d3 Drivers\STM32F1xx_HAL_Driver\Src\stm32f1xx_hal_rcc.o
 .debug_abbrev  0x00000d48      0x223 Drivers\STM32F1xx_HAL_Driver\Src\stm32f1xx_hal_rcc_ex.o
 .debug_abbrev  0x00000f6b      0x2ac Drivers\STM32F1xx_HAL_Driver\Src\stm32f1xx_hal_spi.o
 .debug_abbrev  0x00001217      0x1b0 Drivers\STM32F1xx_HAL_Driver\Src\stm32f1xx_hal_spi_ex.o
 .debug_abbrev  0x000013c7      0x2ab Drivers\STM32F1xx_HAL_Driver\Src\stm32f1xx_hal_tim.o
 .debug_abbrev  0x00001672      0x288 Drivers\STM32F1xx_HAL_Driver\Src\stm32f1xx_hal_tim_ex.o
 .debug_abbrev  0x000018fa       0x52 Src\ChrFont0.o
 .debug_abbrev  0x0000194c       0x52 Src\FillPat.o
 .debug_abbrev  0x0000199e      0x183 Src\OledChar.o
 .debug_abbrev  0x00001b21      0x28c Src\OledDriver.o
 .debug_abbrev  0x00001dad      0x1fe Src\OledGrph.o
 .debug_abbrev  0x00001fab      0x1eb Src\adc.o
 .debug_abbrev  0x00002196       0x4e Src\adtable.o
 .debug_abbrev  0x000021e4      0x1c0 Src\gpio.o
 .debug_abbrev  0x000023a4      0x289 Src\main.o
 .debug_abbrev  0x0000262d      0x1eb Src\spi.o
 .debug_abbrev  0x00002818      0x1be Src\stm32f1xx_hal_msp.o
 .debug_abbrev  0x000029d6      0x190 Src\stm32f1xx_it.o
 .debug_abbrev  0x00002b66      0x1eb Src\system_stm32f1xx.o
 .debug_abbrev  0x00002d51      0x214 Src\tim.o
 .debug_abbrev  0x00002f65       0x12 startup\startup_stm32f103xb.o

.debug_aranges  0x00000000      0xe30
 .debug_aranges
                0x00000000       0xb8 Drivers\STM32F1xx_HAL_Driver\Src\stm32f1xx_hal.o
 .debug_aranges
                0x000000b8       0xf0 Drivers\STM32F1xx_HAL_Driver\Src\stm32f1xx_hal_adc.o
 .debug_aranges
                0x000001a8      0x100 Drivers\STM32F1xx_HAL_Driver\Src\stm32f1xx_hal_cortex.o
 .debug_aranges
                0x000002a8       0x58 Drivers\STM32F1xx_HAL_Driver\Src\stm32f1xx_hal_gpio.o
 .debug_aranges
                0x00000300       0x90 Drivers\STM32F1xx_HAL_Driver\Src\stm32f1xx_hal_rcc.o
 .debug_aranges
                0x00000390       0x30 Drivers\STM32F1xx_HAL_Driver\Src\stm32f1xx_hal_rcc_ex.o
 .debug_aranges
                0x000003c0      0x1d0 Drivers\STM32F1xx_HAL_Driver\Src\stm32f1xx_hal_spi.o
 .debug_aranges
                0x00000590       0x20 Drivers\STM32F1xx_HAL_Driver\Src\stm32f1xx_hal_spi_ex.o
 .debug_aranges
                0x000005b0      0x368 Drivers\STM32F1xx_HAL_Driver\Src\stm32f1xx_hal_tim.o
 .debug_aranges
                0x00000918      0x138 Drivers\STM32F1xx_HAL_Driver\Src\stm32f1xx_hal_tim_ex.o
 .debug_aranges
                0x00000a50       0x18 Src\ChrFont0.o
 .debug_aranges
                0x00000a68       0x18 Src\FillPat.o
 .debug_aranges
                0x00000a80       0x60 Src\OledChar.o
 .debug_aranges
                0x00000ae0       0x90 Src\OledDriver.o
 .debug_aranges
                0x00000b70       0xe8 Src\OledGrph.o
 .debug_aranges
                0x00000c58       0x30 Src\adc.o
 .debug_aranges
                0x00000c88       0x18 Src\adtable.o
 .debug_aranges
                0x00000ca0       0x20 Src\gpio.o
 .debug_aranges
                0x00000cc0       0x38 Src\main.o
 .debug_aranges
                0x00000cf8       0x30 Src\spi.o
 .debug_aranges
                0x00000d28       0x20 Src\stm32f1xx_hal_msp.o
 .debug_aranges
                0x00000d48       0x60 Src\stm32f1xx_it.o
 .debug_aranges
                0x00000da8       0x28 Src\system_stm32f1xx.o
 .debug_aranges
                0x00000dd0       0x38 Src\tim.o
 .debug_aranges
                0x00000e08       0x28 startup\startup_stm32f103xb.o

.debug_ranges   0x00000000      0xc90
 .debug_ranges  0x00000000       0xa8 Drivers\STM32F1xx_HAL_Driver\Src\stm32f1xx_hal.o
 .debug_ranges  0x000000a8       0xe0 Drivers\STM32F1xx_HAL_Driver\Src\stm32f1xx_hal_adc.o
 .debug_ranges  0x00000188       0xf0 Drivers\STM32F1xx_HAL_Driver\Src\stm32f1xx_hal_cortex.o
 .debug_ranges  0x00000278       0x48 Drivers\STM32F1xx_HAL_Driver\Src\stm32f1xx_hal_gpio.o
 .debug_ranges  0x000002c0       0x80 Drivers\STM32F1xx_HAL_Driver\Src\stm32f1xx_hal_rcc.o
 .debug_ranges  0x00000340       0x20 Drivers\STM32F1xx_HAL_Driver\Src\stm32f1xx_hal_rcc_ex.o
 .debug_ranges  0x00000360      0x1c0 Drivers\STM32F1xx_HAL_Driver\Src\stm32f1xx_hal_spi.o
 .debug_ranges  0x00000520       0x10 Drivers\STM32F1xx_HAL_Driver\Src\stm32f1xx_hal_spi_ex.o
 .debug_ranges  0x00000530      0x358 Drivers\STM32F1xx_HAL_Driver\Src\stm32f1xx_hal_tim.o
 .debug_ranges  0x00000888      0x128 Drivers\STM32F1xx_HAL_Driver\Src\stm32f1xx_hal_tim_ex.o
 .debug_ranges  0x000009b0       0x50 Src\OledChar.o
 .debug_ranges  0x00000a00       0x80 Src\OledDriver.o
 .debug_ranges  0x00000a80       0xd8 Src\OledGrph.o
 .debug_ranges  0x00000b58       0x20 Src\adc.o
 .debug_ranges  0x00000b78       0x10 Src\gpio.o
 .debug_ranges  0x00000b88       0x28 Src\main.o
 .debug_ranges  0x00000bb0       0x20 Src\spi.o
 .debug_ranges  0x00000bd0       0x10 Src\stm32f1xx_hal_msp.o
 .debug_ranges  0x00000be0       0x50 Src\stm32f1xx_it.o
 .debug_ranges  0x00000c30       0x18 Src\system_stm32f1xx.o
 .debug_ranges  0x00000c48       0x28 Src\tim.o
 .debug_ranges  0x00000c70       0x20 startup\startup_stm32f103xb.o

.debug_line     0x00000000     0x6901
 .debug_line    0x00000000      0x400 Drivers\STM32F1xx_HAL_Driver\Src\stm32f1xx_hal.o
 .debug_line    0x00000400      0x7ed Drivers\STM32F1xx_HAL_Driver\Src\stm32f1xx_hal_adc.o
 .debug_line    0x00000bed      0x502 Drivers\STM32F1xx_HAL_Driver\Src\stm32f1xx_hal_cortex.o
 .debug_line    0x000010ef      0x49e Drivers\STM32F1xx_HAL_Driver\Src\stm32f1xx_hal_gpio.o
 .debug_line    0x0000158d      0x568 Drivers\STM32F1xx_HAL_Driver\Src\stm32f1xx_hal_rcc.o
 .debug_line    0x00001af5      0x368 Drivers\STM32F1xx_HAL_Driver\Src\stm32f1xx_hal_rcc_ex.o
 .debug_line    0x00001e5d      0xc3b Drivers\STM32F1xx_HAL_Driver\Src\stm32f1xx_hal_spi.o
 .debug_line    0x00002a98      0x2d9 Drivers\STM32F1xx_HAL_Driver\Src\stm32f1xx_hal_spi_ex.o
 .debug_line    0x00002d71     0x1246 Drivers\STM32F1xx_HAL_Driver\Src\stm32f1xx_hal_tim.o
 .debug_line    0x00003fb7      0x851 Drivers\STM32F1xx_HAL_Driver\Src\stm32f1xx_hal_tim_ex.o
 .debug_line    0x00004808       0x32 Src\ChrFont0.o
 .debug_line    0x0000483a       0x31 Src\FillPat.o
 .debug_line    0x0000486b      0x130 Src\OledChar.o
 .debug_line    0x0000499b      0x43a Src\OledDriver.o
 .debug_line    0x00004dd5      0x30d Src\OledGrph.o
 .debug_line    0x000050e2      0x306 Src\adc.o
 .debug_line    0x000053e8       0x31 Src\adtable.o
 .debug_line    0x00005419      0x27d Src\gpio.o
 .debug_line    0x00005696      0x42c Src\main.o
 .debug_line    0x00005ac2      0x2f8 Src\spi.o
 .debug_line    0x00005dba      0x246 Src\stm32f1xx_hal_msp.o
 .debug_line    0x00006000      0x2c0 Src\stm32f1xx_it.o
 .debug_line    0x000062c0      0x289 Src\system_stm32f1xx.o
 .debug_line    0x00006549      0x33b Src\tim.o
 .debug_line    0x00006884       0x7d startup\startup_stm32f103xb.o

.debug_str      0x00000000     0x3d20
 .debug_str     0x00000000      0xaee Drivers\STM32F1xx_HAL_Driver\Src\stm32f1xx_hal.o
                                0xb88 (size before relaxing)
 .debug_str     0x00000aee      0x60b Drivers\STM32F1xx_HAL_Driver\Src\stm32f1xx_hal_adc.o
                                0xcbc (size before relaxing)
 .debug_str     0x000010f9      0x326 Drivers\STM32F1xx_HAL_Driver\Src\stm32f1xx_hal_cortex.o
                                0xd31 (size before relaxing)
 .debug_str     0x0000141f      0x1d6 Drivers\STM32F1xx_HAL_Driver\Src\stm32f1xx_hal_gpio.o
                                0x89e (size before relaxing)
 .debug_str     0x000015f5      0x310 Drivers\STM32F1xx_HAL_Driver\Src\stm32f1xx_hal_rcc.o
                                0xa4e (size before relaxing)
 .debug_str     0x00001905      0x12b Drivers\STM32F1xx_HAL_Driver\Src\stm32f1xx_hal_rcc_ex.o
                                0x838 (size before relaxing)
 .debug_str     0x00001a30      0x6b4 Drivers\STM32F1xx_HAL_Driver\Src\stm32f1xx_hal_spi.o
                                0xf35 (size before relaxing)
 .debug_str     0x000020e4       0x3b Drivers\STM32F1xx_HAL_Driver\Src\stm32f1xx_hal_spi_ex.o
                                0xa49 (size before relaxing)
 .debug_str     0x0000211f      0xecf Drivers\STM32F1xx_HAL_Driver\Src\stm32f1xx_hal_tim.o
                               0x1778 (size before relaxing)
 .debug_str     0x00002fee      0x527 Drivers\STM32F1xx_HAL_Driver\Src\stm32f1xx_hal_tim_ex.o
                               0x1015 (size before relaxing)
 .debug_str     0x00003515       0x1f Src\ChrFont0.o
                                0x12a (size before relaxing)
 .debug_str     0x00003534       0x1c Src\FillPat.o
                                0x127 (size before relaxing)
 .debug_str     0x00003550      0x190 Src\OledChar.o
                                0x2a0 (size before relaxing)
 .debug_str     0x000036e0      0x136 Src\OledDriver.o
                                0xbd7 (size before relaxing)
 .debug_str     0x00003816      0x25e Src\OledGrph.o
                                0x411 (size before relaxing)
 .debug_str     0x00003a74       0x3a Src\adc.o
                                0xa3f (size before relaxing)
 .debug_str     0x00003aae       0x1a Src\adtable.o
                                0x114 (size before relaxing)
 .debug_str     0x00003ac8       0x1b Src\gpio.o
                                0x6f0 (size before relaxing)
 .debug_str     0x00003ae3       0xc5 Src\main.o
                               0x12b8 (size before relaxing)
 .debug_str     0x00003ba8       0x24 Src\spi.o
                                0xabf (size before relaxing)
 .debug_str     0x00003bcc       0x1b Src\stm32f1xx_hal_msp.o
                                0x987 (size before relaxing)
 .debug_str     0x00003be7       0xa6 Src\stm32f1xx_it.o
                                0x6bd (size before relaxing)
 .debug_str     0x00003c8d       0x4d Src\system_stm32f1xx.o
                                0x707 (size before relaxing)
 .debug_str     0x00003cda       0x46 Src\tim.o
                                0xc42 (size before relaxing)

.comment        0x00000000       0x7c
 .comment       0x00000000       0x7c Drivers\STM32F1xx_HAL_Driver\Src\stm32f1xx_hal.o
                                 0x7d (size before relaxing)
 .comment       0x0000007c       0x7d Drivers\STM32F1xx_HAL_Driver\Src\stm32f1xx_hal_adc.o
 .comment       0x0000007c       0x7d Drivers\STM32F1xx_HAL_Driver\Src\stm32f1xx_hal_cortex.o
 .comment       0x0000007c       0x7d Drivers\STM32F1xx_HAL_Driver\Src\stm32f1xx_hal_gpio.o
 .comment       0x0000007c       0x7d Drivers\STM32F1xx_HAL_Driver\Src\stm32f1xx_hal_rcc.o
 .comment       0x0000007c       0x7d Drivers\STM32F1xx_HAL_Driver\Src\stm32f1xx_hal_rcc_ex.o
 .comment       0x0000007c       0x7d Drivers\STM32F1xx_HAL_Driver\Src\stm32f1xx_hal_spi.o
 .comment       0x0000007c       0x7d Drivers\STM32F1xx_HAL_Driver\Src\stm32f1xx_hal_spi_ex.o
 .comment       0x0000007c       0x7d Drivers\STM32F1xx_HAL_Driver\Src\stm32f1xx_hal_tim.o
 .comment       0x0000007c       0x7d Drivers\STM32F1xx_HAL_Driver\Src\stm32f1xx_hal_tim_ex.o
 .comment       0x0000007c       0x7d Src\ChrFont0.o
 .comment       0x0000007c       0x7d Src\FillPat.o
 .comment       0x0000007c       0x7d Src\OledChar.o
 .comment       0x0000007c       0x7d Src\OledDriver.o
 .comment       0x0000007c       0x7d Src\OledGrph.o
 .comment       0x0000007c       0x7d Src\adc.o
 .comment       0x0000007c       0x7d Src\adtable.o
 .comment       0x0000007c       0x7d Src\gpio.o
 .comment       0x0000007c       0x7d Src\main.o
 .comment       0x0000007c       0x7d Src\spi.o
 .comment       0x0000007c       0x7d Src\stm32f1xx_hal_msp.o
 .comment       0x0000007c       0x7d Src\stm32f1xx_it.o
 .comment       0x0000007c       0x7d Src\system_stm32f1xx.o
 .comment       0x0000007c       0x7d Src\tim.o

.debug_frame    0x00000000     0x3c54
 .debug_frame   0x00000000      0x298 Drivers\STM32F1xx_HAL_Driver\Src\stm32f1xx_hal.o
 .debug_frame   0x00000298      0x410 Drivers\STM32F1xx_HAL_Driver\Src\stm32f1xx_hal_adc.o
 .debug_frame   0x000006a8      0x428 Drivers\STM32F1xx_HAL_Driver\Src\stm32f1xx_hal_cortex.o
 .debug_frame   0x00000ad0      0x14c Drivers\STM32F1xx_HAL_Driver\Src\stm32f1xx_hal_gpio.o
 .debug_frame   0x00000c1c      0x218 Drivers\STM32F1xx_HAL_Driver\Src\stm32f1xx_hal_rcc.o
 .debug_frame   0x00000e34       0x84 Drivers\STM32F1xx_HAL_Driver\Src\stm32f1xx_hal_rcc_ex.o
 .debug_frame   0x00000eb8      0x824 Drivers\STM32F1xx_HAL_Driver\Src\stm32f1xx_hal_spi.o
 .debug_frame   0x000016dc       0x34 Drivers\STM32F1xx_HAL_Driver\Src\stm32f1xx_hal_spi_ex.o
 .debug_frame   0x00001710      0xfb4 Drivers\STM32F1xx_HAL_Driver\Src\stm32f1xx_hal_tim.o
 .debug_frame   0x000026c4      0x54c Drivers\STM32F1xx_HAL_Driver\Src\stm32f1xx_hal_tim_ex.o
 .debug_frame   0x00002c10      0x158 Src\OledChar.o
 .debug_frame   0x00002d68      0x1e8 Src\OledDriver.o
 .debug_frame   0x00002f50      0x3cc Src\OledGrph.o
 .debug_frame   0x0000331c       0x7c Src\adc.o
 .debug_frame   0x00003398       0x34 Src\gpio.o
 .debug_frame   0x000033cc       0x94 Src\main.o
 .debug_frame   0x00003460       0x74 Src\spi.o
 .debug_frame   0x000034d4       0x34 Src\stm32f1xx_hal_msp.o
 .debug_frame   0x00003508      0x10c Src\stm32f1xx_it.o
 .debug_frame   0x00003614       0x58 Src\system_stm32f1xx.o
 .debug_frame   0x0000366c       0xa8 Src\tim.o
 .debug_frame   0x00003714       0x30 c:/program files (x86)/atollic/truestudio for arm 8.0.0/armtools/bin/../lib/gcc/arm-atollic-eabi/6.3.1/../../../../arm-atollic-eabi/lib/armv7-m\libc_nano.a(lib_a-atoi.o)
 .debug_frame   0x00003744       0x2c c:/program files (x86)/atollic/truestudio for arm 8.0.0/armtools/bin/../lib/gcc/arm-atollic-eabi/6.3.1/../../../../arm-atollic-eabi/lib/armv7-m\libc_nano.a(lib_a-init.o)
 .debug_frame   0x00003770       0x70 c:/program files (x86)/atollic/truestudio for arm 8.0.0/armtools/bin/../lib/gcc/arm-atollic-eabi/6.3.1/../../../../arm-atollic-eabi/lib/armv7-m\libc_nano.a(lib_a-sprintf.o)
 .debug_frame   0x000037e0       0x88 c:/program files (x86)/atollic/truestudio for arm 8.0.0/armtools/bin/../lib/gcc/arm-atollic-eabi/6.3.1/../../../../arm-atollic-eabi/lib/armv7-m\libc_nano.a(lib_a-strtol.o)
 .debug_frame   0x00003868       0x68 c:/program files (x86)/atollic/truestudio for arm 8.0.0/armtools/bin/../lib/gcc/arm-atollic-eabi/6.3.1/../../../../arm-atollic-eabi/lib/armv7-m\libc_nano.a(lib_a-locale.o)
 .debug_frame   0x000038d0       0x48 c:/program files (x86)/atollic/truestudio for arm 8.0.0/armtools/bin/../lib/gcc/arm-atollic-eabi/6.3.1/../../../../arm-atollic-eabi/lib/armv7-m\libc_nano.a(lib_a-mbtowc_r.o)
 .debug_frame   0x00003918       0x90 c:/program files (x86)/atollic/truestudio for arm 8.0.0/armtools/bin/../lib/gcc/arm-atollic-eabi/6.3.1/../../../../arm-atollic-eabi/lib/armv7-m\libc_nano.a(lib_a-nano-svfprintf.o)
 .debug_frame   0x000039a8       0x60 c:/program files (x86)/atollic/truestudio for arm 8.0.0/armtools/bin/../lib/gcc/arm-atollic-eabi/6.3.1/../../../../arm-atollic-eabi/lib/armv7-m\libc_nano.a(lib_a-nano-vfprintf_i.o)
 .debug_frame   0x00003a08       0x3c c:/program files (x86)/atollic/truestudio for arm 8.0.0/armtools/bin/../lib/gcc/arm-atollic-eabi/6.3.1/../../../../arm-atollic-eabi/lib/armv7-m\libc_nano.a(lib_a-wctomb_r.o)
 .debug_frame   0x00003a44       0x28 c:/program files (x86)/atollic/truestudio for arm 8.0.0/armtools/bin/../lib/gcc/arm-atollic-eabi/6.3.1/../../../../arm-atollic-eabi/lib/armv7-m\libc_nano.a(lib_a-memchr-stub.o)
 .debug_frame   0x00003a6c       0x28 c:/program files (x86)/atollic/truestudio for arm 8.0.0/armtools/bin/../lib/gcc/arm-atollic-eabi/6.3.1/../../../../arm-atollic-eabi/lib/armv7-m\libc_nano.a(lib_a-memcpy-stub.o)
 .debug_frame   0x00003a94       0x28 c:/program files (x86)/atollic/truestudio for arm 8.0.0/armtools/bin/../lib/gcc/arm-atollic-eabi/6.3.1/../../../../arm-atollic-eabi/lib/armv7-m\libc_nano.a(lib_a-memmove.o)
 .debug_frame   0x00003abc       0x38 c:/program files (x86)/atollic/truestudio for arm 8.0.0/armtools/bin/../lib/gcc/arm-atollic-eabi/6.3.1/../../../../arm-atollic-eabi/lib/armv7-m\libc_nano.a(lib_a-nano-freer.o)
 .debug_frame   0x00003af4       0x2c c:/program files (x86)/atollic/truestudio for arm 8.0.0/armtools/bin/../lib/gcc/arm-atollic-eabi/6.3.1/../../../../arm-atollic-eabi/lib/armv7-m\libc_nano.a(lib_a-nano-mallocr.o)
 .debug_frame   0x00003b20       0x3c c:/program files (x86)/atollic/truestudio for arm 8.0.0/armtools/bin/../lib/gcc/arm-atollic-eabi/6.3.1/../../../../arm-atollic-eabi/lib/armv7-m\libc_nano.a(lib_a-nano-reallocr.o)
 .debug_frame   0x00003b5c       0x2c c:/program files (x86)/atollic/truestudio for arm 8.0.0/armtools/bin/../lib/gcc/arm-atollic-eabi/6.3.1/../../../../arm-atollic-eabi/lib/armv7-m\libc_nano.a(lib_a-sbrkr.o)
 .debug_frame   0x00003b88       0x30 c:/program files (x86)/atollic/truestudio for arm 8.0.0/armtools/bin/../lib/gcc/arm-atollic-eabi/6.3.1/../../../../arm-atollic-eabi/lib/armv7-m\libc_nano.a(lib_a-mlock.o)
 .debug_frame   0x00003bb8       0x20 c:/program files (x86)/atollic/truestudio for arm 8.0.0/armtools/bin/../lib/gcc/arm-atollic-eabi/6.3.1/../../../../arm-atollic-eabi/lib/armv7-m\libc_nano.a(lib_a-nano-msizer.o)
 .debug_frame   0x00003bd8       0x5c c:/program files (x86)/atollic/truestudio for arm 8.0.0/armtools/bin/../lib/gcc/arm-atollic-eabi/6.3.1/../../../../arm-atollic-eabi/lib/armv7-m\libc_nano.a(lib_a-reent.o)
 .debug_frame   0x00003c34       0x20 c:/program files (x86)/atollic/truestudio for arm 8.0.0/armtools/bin/../lib/gcc/arm-atollic-eabi/6.3.1/../../../../arm-atollic-eabi/lib/armv7-m\libnosys.a(sbrk.o)
