OledGrph.c:906:1:OledRopSet	0	static
OledGrph.c:927:1:OledRopOr	0	static
OledGrph.c:948:1:OledRopAnd	0	static
OledGrph.c:969:1:OledRopXor	0	static
OledGrph.c:1074:1:OledMoveLeft	0	static
OledGrph.c:1107:1:OledMoveRight	0	static
OledGrph.c:994:1:OledMoveUp	0	static
OledGrph.c:1034:1:OledMoveDown	0	static
OledGrph.c:155:1:OledGetPos	0	static
OledGrph.c:180:1:OledSetDrawColor	0	static
OledGrph.c:205:1:OledGetStdPattern	0	static
OledGrph.c:230:1:OledSetFillPattern	0	static
OledGrph.c:254:1:OledSetDrawMode	0	static
OledGrph.c:300:1:OledGetDrawMode	0	static
OledGrph.c:325:1:OledDrawPixel	8	static
OledGrph.c:349:1:OledGetPixel	0	static
OledGrph.c:624:1:OledGetBmp	64	static
OledGrph.c:723:1:OledPutBmp	88	static
OledGrph.c:838:1:OledDrawChar	8	static
OledGrph.c:881:1:OledDrawString	8	static
OledGrph.c:1139:1:OledClampXco	0	static
OledGrph.c:1169:1:OledClampYco	0	static
OledGrph.c:116:1:OledMoveTo	8	static
OledGrph.c:375:1:OledLineTo	48	static
OledGrph.c:481:1:OledDrawRect	24	static
OledGrph.c:518:1:OledFillRect	56	static
