stm32f1xx_hal_spi.c:246:26:HAL_SPI_Init	16	static
stm32f1xx_hal_spi.c:308:19:HAL_SPI_DeInit	16	static
stm32f1xx_hal_spi.c:339:14:HAL_SPI_MspInit	16	static
stm32f1xx_hal_spi.c:354:14:HAL_SPI_MspDeInit	16	static
stm32f1xx_hal_spi.c:408:19:HAL_SPI_Transmit	32	static
stm32f1xx_hal_spi.c:553:19:HAL_SPI_Receive	40	static
stm32f1xx_hal_spi.c:737:19:HAL_SPI_TransmitReceive	32	static
stm32f1xx_hal_spi.c:982:19:HAL_SPI_Transmit_IT	24	static
stm32f1xx_hal_spi.c:1059:19:HAL_SPI_Receive_IT	24	static
stm32f1xx_hal_spi.c:1140:19:HAL_SPI_TransmitReceive_IT	24	static
stm32f1xx_hal_spi.c:1211:19:HAL_SPI_Transmit_DMA	24	static
stm32f1xx_hal_spi.c:1295:19:HAL_SPI_Receive_DMA	24	static
stm32f1xx_hal_spi.c:1385:19:HAL_SPI_TransmitReceive_DMA	24	static
stm32f1xx_hal_spi.c:1496:19:HAL_SPI_DMAPause	16	static
stm32f1xx_hal_spi.c:1517:19:HAL_SPI_DMAResume	16	static
stm32f1xx_hal_spi.c:1538:19:HAL_SPI_DMAStop	16	static
stm32f1xx_hal_spi.c:1572:6:HAL_SPI_IRQHandler	24	static
stm32f1xx_hal_spi.c:1629:13:HAL_SPI_TxCpltCallback	16	static
stm32f1xx_hal_spi.c:1644:13:HAL_SPI_RxCpltCallback	16	static
stm32f1xx_hal_spi.c:1659:13:HAL_SPI_TxRxCpltCallback	16	static
stm32f1xx_hal_spi.c:1674:13:HAL_SPI_TxHalfCpltCallback	16	static
stm32f1xx_hal_spi.c:1689:13:HAL_SPI_RxHalfCpltCallback	16	static
stm32f1xx_hal_spi.c:1704:13:HAL_SPI_TxRxHalfCpltCallback	16	static
stm32f1xx_hal_spi.c:1719:14:HAL_SPI_ErrorCallback	16	static
stm32f1xx_hal_spi.c:1755:22:HAL_SPI_GetState	16	static
stm32f1xx_hal_spi.c:1766:10:HAL_SPI_GetError	16	static
stm32f1xx_hal_spi.c:1792:13:SPI_TxCloseIRQHandler	24	static
stm32f1xx_hal_spi.c:1853:13:SPI_TxISR	16	static
stm32f1xx_hal_spi.c:1885:13:SPI_RxCloseIRQHandler	24	static
stm32f1xx_hal_spi.c:1974:13:SPI_2LinesRxISR	16	static
stm32f1xx_hal_spi.c:2001:13:SPI_RxISR	16	static
stm32f1xx_hal_spi.c:2035:13:SPI_DMATransmitCplt	24	static
stm32f1xx_hal_spi.c:2084:13:SPI_DMAReceiveCplt	24	static
stm32f1xx_hal_spi.c:2163:13:SPI_DMATransmitReceiveCplt	24	static
stm32f1xx_hal_spi.c:2240:13:SPI_DMAHalfTransmitCplt	24	static
stm32f1xx_hal_spi.c:2253:13:SPI_DMAHalfReceiveCplt	24	static
stm32f1xx_hal_spi.c:2266:13:SPI_DMAHalfTransmitReceiveCplt	24	static
stm32f1xx_hal_spi.c:2279:13:SPI_DMAError	24	static
stm32f1xx_hal_spi.c:2298:26:SPI_WaitOnFlagUntilTimeout	32	static
stm32f1xx_hal_spi.c:2392:16:SPI_ISCRCErrorValid	16	static
